******************************************************************************
                  TI ARM Linker PC v18.12.4                    
******************************************************************************
>> Linked Sat Mar 28 00:21:39 2020

OUTPUT FILE NAME:   <USB1352_M.out>
ENTRY POINT SYMBOL: "ResetISR"  address: 00005dc9


MEMORY CONFIGURATION

         name            origin    length      used     unused   attr    fill
----------------------  --------  ---------  --------  --------  ----  --------
  FLASH                 00000000   00058000  00008658  0004f9a8  R  X
  GPRAM                 11000000   00002000  00000000  00002000  RW X
  SRAM                  20000000   00014000  000044b1  0000fb4f  RW X


SEGMENT ALLOCATION MAP

run origin  load origin   length   init length attrs members
----------  ----------- ---------- ----------- ----- -------
00000000    00000000    00008600   00008600    r-x
  00000000    00000000    0000003c   0000003c    r-- .resetVecs
  0000003c    0000003c    00007ab0   00007ab0    r-x .text
  00007aec    00007aec    000007e4   000007e4    r-- .const
  000082d0    000082d0    00000330   00000330    r-- .cinit
00057fa8    00057fa8    00000058   00000058    r--
  00057fa8    00057fa8    00000058   00000058    r-- .ccfg
20000100    20000100    0000000c   00000000    rw-
  20000100    20000100    00000004   00000000    rw- .data:xdcRomConstPtr
  20000104    20000104    00000004   00000000    rw- .data:xdcRomExternFuncPtr
  20000108    20000108    00000004   00000000    rw- .data:xdcRomStatePtr
20000110    20000110    00001000   00000000    r--
  20000110    20000110    00001000   00000000    r-- .priheap
20001110    20001110    0000069d   00000000    rw-
  20001110    20001110    0000069d   00000000    rw- .data
20001830    20001830    00000010   00000000    rw-
  20001830    20001830    00000010   00000000    rw- .TI.bound:dmaSpi0RxControlTableEntry
20001840    20001840    00000010   00000000    rw-
  20001840    20001840    00000010   00000000    rw- .TI.bound:dmaSpi0TxControlTableEntry
20001900    20001900    00000010   00000000    rw-
  20001900    20001900    00000010   00000000    rw- .TI.bound:dmaSpi1RxControlTableEntry
20001910    20001910    00000010   00000000    rw-
  20001910    20001910    00000010   00000000    rw- .TI.bound:dmaSpi1TxControlTableEntry
20001a30    20001a30    00000010   00000000    rw-
  20001a30    20001a30    00000010   00000000    rw- .TI.bound:dmaSpi0RxAltControlTableEntry
20001a40    20001a40    00000010   00000000    rw-
  20001a40    20001a40    00000010   00000000    rw- .TI.bound:dmaSpi0TxAltControlTableEntry
20001b00    20001b00    00000010   00000000    rw-
  20001b00    20001b00    00000010   00000000    rw- .TI.bound:dmaSpi1RxAltControlTableEntry
20001b10    20001b10    000028c0   00000000    rw-
  20001b10    20001b10    00000010   00000000    rw- .TI.bound:dmaSpi1TxAltControlTableEntry
  20001b20    20001b20    000028b0   00000000    rw- .bss
20013c00    20013c00    00000400   00000000    rw-
  20013c00    20013c00    00000400   00000000    rw- .stack


SECTION ALLOCATION MAP

 output                                  attributes/
section   page    origin      length       input sections
--------  ----  ----------  ----------   ----------------
.binit     0    00000000    00000000     

.cinit     0    000082d0    00000330     
                  000082d0    0000025b     (.cinit..data.load) [load image, compression = lzss]
                  0000852b    00000001     --HOLE-- [fill = 0]
                  0000852c    0000000c     (__TI_handler_table)
                  00008538    00000008     (.cinit..TI.bound:dmaSpi0RxAltControlTableEntry.load) [load image, compression = zero_init]
                  00008540    00000008     (.cinit..TI.bound:dmaSpi0RxControlTableEntry.load) [load image, compression = zero_init]
                  00008548    00000008     (.cinit..TI.bound:dmaSpi0TxAltControlTableEntry.load) [load image, compression = zero_init]
                  00008550    00000008     (.cinit..TI.bound:dmaSpi0TxControlTableEntry.load) [load image, compression = zero_init]
                  00008558    00000008     (.cinit..TI.bound:dmaSpi1RxAltControlTableEntry.load) [load image, compression = zero_init]
                  00008560    00000008     (.cinit..TI.bound:dmaSpi1RxControlTableEntry.load) [load image, compression = zero_init]
                  00008568    00000008     (.cinit..TI.bound:dmaSpi1TxAltControlTableEntry.load) [load image, compression = zero_init]
                  00008570    00000008     (.cinit..TI.bound:dmaSpi1TxControlTableEntry.load) [load image, compression = zero_init]
                  00008578    00000008     (.cinit..bss.load) [load image, compression = zero_init]
                  00008580    00000008     (.cinit..data:xdcRomConstPtr.load) [load image, compression = lzss]
                  00008588    00000008     (.cinit..data:xdcRomExternFuncPtr.load) [load image, compression = lzss]
                  00008590    00000008     (.cinit..data:xdcRomStatePtr.load) [load image, compression = lzss]
                  00008598    00000068     (__TI_cinit_table)

.init_array 
*          0    00000000    00000000     UNINITIALIZED

.ccfg      0    00057fa8    00000058     
                  00057fa8    00000058     ti_devices_config.obj (.ccfg:retain)

.data      0    20001110    0000069d     UNINITIALIZED
                  20001110    00000110     drivers_cc13x2.aem4f : PowerCC26X2.oem4f (.data:PowerCC26X2_module)
                  20001220    0000010c     release_pem4f.oem4f (.data:ROM_stateStruct)
                  2000132c    00000088     rom_sysbios.aem4f : rom_sysbios.obj (.data:$O1$$)
                  200013b4    00000060     usb1352_rf.obj (.data:usb1352_rf_data_rate_table)
                  20001414    00000054     release_pem4f.oem4f (.data:ti_sysbios_gates_GateMutex_Object__table__V)
                  20001468    0000004c     release_pem4f.oem4f (.data:ti_sysbios_knl_Task_Object__table__V)
                  200014b4    00000004     drivers_cc13x2.aem4f : GPIOCC26XX.oem4f (.data:gpioPinTable)
                  200014b8    00000048     release_pem4f.oem4f (.data:ti_sysbios_family_arm_cc26xx_Timer_Object__table__V)
                  20001500    00000030     ti_radio_config.obj (.data:RF_cmdPropRadioDivSetup)
                  20001530    00000030     release_pem4f.oem4f (.data:ti_sysbios_knl_Swi_Module_State_0_readyQ__A)
                  20001560    00000030     release_pem4f.oem4f (.data:ti_sysbios_knl_Swi_Object__table__V)
                  20001590    00000030     release_pem4f.oem4f (.data:ti_sysbios_knl_Task_Module_State_0_readyQ__A)
                  200015c0    00000024     ti_radio_config.obj (.data:RF_cmdPropRx)
                  200015e4    00000020     release_pem4f.oem4f (.data:ti_sysbios_knl_Clock_Object__table__V)
                  20001604    00000020     release_pem4f.oem4f (.data:xdc_runtime_Error_IgnoreBlock)
                  20001624    0000001c     ti_drivers_config.obj (.data:gpioCallbackFunctions)
                  20001640    0000001c     ti_drivers_config.obj (.data:gpioPinConfigs)
                  2000165c    00000018     ti_radio_config.obj (.data:RF_cmdFs)
                  20001674    00000018     ti_radio_config.obj (.data:RF_cmdPropTx)
                  2000168c    00000018     ti_radio_config.obj (.data:pOverrides)
                  200016a4    00000018     release_pem4f.oem4f (.data:ti_sysbios_family_arm_m3_Hwi_Object__table__V)
                  200016bc    00000018     release_pem4f.oem4f (.data:ti_sysbios_heaps_HeapMem_Object__table__V)
                  200016d4    00000014     ti_radio_config.obj (.data:pOverridesTx20)
                  200016e8    00000014     ti_radio_config.obj (.data:pOverridesTxStd)
                  200016fc    00000010     ti_radio_config.obj (.data:RF_prop)
                  2000170c    00000010     usb1352_amp.obj (.data:amp_pin_config)
                  2000171c    00000008     rtsv7M4_T_le_v4SPD16_eabi.lib : _lock.c.obj (.data:$O1$$)
                  20001724    00000008     drivers_cc13x2.aem4f : PINCC26XX.oem4f (.data)
                  2000172c    00000008     release_pem4f.oem4f (.data:ti_sysbios_family_arm_m3_Hwi_Module__root__V)
                  20001734    00000008     release_pem4f.oem4f (.data:ti_sysbios_gates_GateHwi_Module__root__V)
                  2000173c    00000008     release_pem4f.oem4f (.data:ti_sysbios_gates_GateMutex_Module__root__V)
                  20001744    00000008     release_pem4f.oem4f (.data:ti_sysbios_hal_Hwi_Module__root__V)
                  2000174c    00000008     release_pem4f.oem4f (.data:ti_sysbios_heaps_HeapMem_Module__root__V)
                  20001754    00000008     release_pem4f.oem4f (.data:ti_sysbios_knl_Clock_Module__root__V)
                  2000175c    00000008     release_pem4f.oem4f (.data:ti_sysbios_knl_Event_Module__root__V)
                  20001764    00000008     release_pem4f.oem4f (.data:ti_sysbios_knl_Mailbox_Module__root__V)
                  2000176c    00000008     release_pem4f.oem4f (.data:ti_sysbios_knl_Queue_Module__root__V)
                  20001774    00000008     release_pem4f.oem4f (.data:ti_sysbios_knl_Semaphore_Module__root__V)
                  2000177c    00000008     release_pem4f.oem4f (.data:ti_sysbios_knl_Swi_Module__root__V)
                  20001784    00000008     release_pem4f.oem4f (.data:ti_sysbios_knl_Task_Module__root__V)
                  2000178c    00000008     release_pem4f.oem4f (.data:xdc_runtime_System_Module_State_0_atexitHandlers__A)
                  20001794    00000005     drivers_cc13x2.aem4f : GPIOCC26XX.oem4f (.data)
                  20001799    00000001                          : SPI.oem4f (.data)
                  2000179a    00000002     release_pem4f.oem4f (.data:ti_sysbios_family_arm_m3_Hwi_Module_State_0_excActive__A)
                  2000179c    00000004     rtsv7M4_T_le_v4SPD16_eabi.lib : stkdepth_vars.c.obj (.data)
                  200017a0    00000004     release_pem4f.oem4f (.data:ti_sysbios_family_arm_m3_Hwi_Module_State_0_excContext__A)
                  200017a4    00000004     release_pem4f.oem4f (.data:ti_sysbios_family_arm_m3_Hwi_Module_State_0_excStack__A)
                  200017a8    00000004     release_pem4f.oem4f (.data:ti_sysbios_knl_Task_Module_State_0_idleTask__A)
                  200017ac    00000001     rf_multiMode_cc13x2.aem4f : rf_patch_cpe_prop.c.cc13x2.ccs.o (.data)

.bss       0    20001b20    000028b0     UNINITIALIZED
                  20001b20    00001000     usb1352_rf.obj (.bss:rf_task_stack)
                  20002b20    00000800     usb1352_spi.obj (.bss:spi_task_stack)
                  20003320    00000470     rf_multiMode_cc13x2.aem4f : RFCC26X2_multiMode.c.cc13x2.ccs.o (.bss:$O1$$)
                  20003790    00000218     usb1352_rf.obj (.bss:rx_data_entry_buffer)
                  200039a8    00000200     release_pem4f.oem4f (.bss:taskStackSection)
                  20003ba8    00000102     usb1352_rf.obj (.bss:rx_frame)
                  20003caa    00000100     usb1352_intr_thread.obj (.bss:intr_task_stack)
                  20003daa    00000001     rf_multiMode_cc13x2.aem4f : RFCC26X2_multiMode.c.cc13x2.ccs.o (.bss)
                  20003dab    00000001     (.common:driverlib_release_0_55938)
                  20003dac    000000d8     (.common:ti_sysbios_family_arm_m3_Hwi_dispatchTable)
                  20003e84    000000d4     (.common:spiCC26X2DMAObjects)
                  20003f58    000000a8     usb1352_rf.obj (.bss:rf_object)
                  20004000    0000007c     (.common:pinHandleTable)
                  2000407c    00000050     usb1352_intr_thread.obj (.bss:intr_task_struct)
                  200040cc    00000050     usb1352_rf.obj (.bss:rf_task_struct)
                  2000411c    00000050     usb1352_spi.obj (.bss:spi_task_struct)
                  2000416c    0000003c     usb1352_intr_thread.obj (.bss:intr_task_params)
                  200041a8    0000003c     usb1352_rf.obj (.bss:rf_task_params)
                  200041e4    0000003c     usb1352_spi.obj (.bss:spi_task_params)
                  20004220    00000034     drivers_cc13x2.aem4f : PINCC26XX.oem4f (.bss:pinSwi)
                  20004254    00000020                          : GPIOCC26XX.oem4f (.bss:gpioCallbackInfo)
                  20004274    00000020                          : PINCC26XX.oem4f (.bss:pinGpioConfigTable)
                  20004294    00000020     usb1352_rf.obj (.bss:rf_params)
                  200042b4    00000020     usb1352_spi.obj (.bss:spi_params)
                  200042d4    00000020     (.common:udmaCC26XXObject)
                  200042f4    0000001c     driverlib.lib : osc.obj (.bss:$O1$$)
                  20004310    0000001c     drivers_cc13x2.aem4f : PINCC26XX.oem4f (.bss:pinHwi)
                  2000432c    0000001c                          : PINCC26XX.oem4f (.bss:pinSemaphore)
                  20004348    00000018     usb1352_spi.obj (.bss:spi_trans)
                  20004360    00000014     rf_multiMode_cc13x2.aem4f : RFCC26X2_multiMode.c.cc13x2.ccs.o (.bss:RF_ratSyncCmd)
                  20004374    0000000c     usb1352_amp.obj (.bss:amp_pin_state)
                  20004380    0000000c     drivers_cc13x2.aem4f : GPIOCC26XX.oem4f (.bss:gpioPinState)
                  2000438c    0000000c     usb1352_rf.obj (.bss:rf_output)
                  20004398    00000008     usb1352_rf.obj (.bss:data_queue)
                  200043a0    00000008     drivers_cc13x2.aem4f : GPIOCC26XX.oem4f (.bss)
                  200043a8    00000008     usb1352_rf.obj (.bss)
                  200043b0    00000008     usb1352_spi.obj (.bss)
                  200043b8    00000004     drivers_cc13x2.aem4f : PINCC26XX.oem4f (.bss)
                  200043bc    00000004     usb1352_amp.obj (.bss)
                  200043c0    00000004     (.common:ClockP_tickPeriod)
                  200043c4    00000004     (.common:PowerCC26XX_swiKey)
                  200043c8    00000004     (.common:PowerCC26XX_taskKey)
                  200043cc    00000004     (.common:readEntry)

.stack     0    20013c00    00000400     UNINITIALIZED
                  20013c00    00000400     --HOLE--

.priheap   0    20000110    00001000     UNINITIALIZED
                  20000110    00001000     --HOLE--

.data:xdcRomConstPtr 
*          0    20000100    00000004     UNINITIALIZED
                  20000100    00000004     release_pem4f.oem4f (.data:xdcRomConstPtr)

.data:xdcRomExternFuncPtr 
*          0    20000104    00000004     UNINITIALIZED
                  20000104    00000004     release_pem4f.oem4f (.data:xdcRomExternFuncPtr)

.data:xdcRomStatePtr 
*          0    20000108    00000004     UNINITIALIZED
                  20000108    00000004     release_pem4f.oem4f (.data:xdcRomStatePtr)

.bootVecs 
*          0    00000000    00000008     DSECT
                  00000000    00000008     boot.aem4f : boot.oem4f (.bootVecs)

.resetVecs 
*          0    00000000    0000003c     
                  00000000    0000003c     release_pem4f.oem4f (.resetVecs)

.vecs      0    20000000    000000d8     NOLOAD SECTION
                  20000000    000000d8     release_pem4f.oem4f (.vecs)

xdc.meta   0    00000000    00000102     COPY SECTION
                  00000000    00000102     release_pem4f.oem4f (xdc.meta)

xdc.noload 
*          0    00000000    00000000     COPY SECTION

.TI.bound:dmaSpi0RxControlTableEntry 
*          0    20001830    00000010     UNINITIALIZED
                  20001830    00000010     drivers_cc13x2.aem4f : SPICC26X2DMA.oem4f (.TI.bound:dmaSpi0RxControlTableEntry)

.TI.bound:dmaSpi0TxControlTableEntry 
*          0    20001840    00000010     UNINITIALIZED
                  20001840    00000010     drivers_cc13x2.aem4f : SPICC26X2DMA.oem4f (.TI.bound:dmaSpi0TxControlTableEntry)

.TI.bound:dmaSpi1RxControlTableEntry 
*          0    20001900    00000010     UNINITIALIZED
                  20001900    00000010     drivers_cc13x2.aem4f : SPICC26X2DMA.oem4f (.TI.bound:dmaSpi1RxControlTableEntry)

.TI.bound:dmaSpi1TxControlTableEntry 
*          0    20001910    00000010     UNINITIALIZED
                  20001910    00000010     drivers_cc13x2.aem4f : SPICC26X2DMA.oem4f (.TI.bound:dmaSpi1TxControlTableEntry)

.TI.bound:dmaSpi0RxAltControlTableEntry 
*          0    20001a30    00000010     UNINITIALIZED
                  20001a30    00000010     drivers_cc13x2.aem4f : SPICC26X2DMA.oem4f (.TI.bound:dmaSpi0RxAltControlTableEntry)

.TI.bound:dmaSpi0TxAltControlTableEntry 
*          0    20001a40    00000010     UNINITIALIZED
                  20001a40    00000010     drivers_cc13x2.aem4f : SPICC26X2DMA.oem4f (.TI.bound:dmaSpi0TxAltControlTableEntry)

.TI.bound:dmaSpi1RxAltControlTableEntry 
*          0    20001b00    00000010     UNINITIALIZED
                  20001b00    00000010     drivers_cc13x2.aem4f : SPICC26X2DMA.oem4f (.TI.bound:dmaSpi1RxAltControlTableEntry)

.TI.bound:dmaSpi1TxAltControlTableEntry 
*          0    20001b10    00000010     UNINITIALIZED
                  20001b10    00000010     drivers_cc13x2.aem4f : SPICC26X2DMA.oem4f (.TI.bound:dmaSpi1TxAltControlTableEntry)

.text      0    0000003c    00007ab0     
                  0000003c    000004b0     usb1352_rf.obj (.text:usb1352_rf_transfer)
                  000004ec    0000049c     rf_multiMode_cc13x2.aem4f : RFCC26X2_multiMode.c.cc13x2.ccs.o (.text:RF_fsmActiveState)
                  00000988    00000400     usb1352_rf.obj (.text:usb1352_check_frame)
                  00000d88    000002ec     drivers_cc13x2.aem4f : SPICC26X2DMA.oem4f (.text:SPICC26X2DMA_transfer)
                  00001074    000002ac     usb1352_rf.obj (.text:usb1352_rf_thread)
                  00001320    0000025c     rf_multiMode_cc13x2.aem4f : RFCC26X2_multiMode.c.cc13x2.ccs.o (.text:RF_open)
                  0000157c    0000025c     drivers_cc13x2.aem4f : SPICC26X2DMA.oem4f (.text:SPICC26X2DMA_hwiFxn)
                  000017d8    000001c4                          : PINCC26XX.oem4f (.text:PIN_init)
                  0000199c    000001b6     rtsv7M4_T_le_v4SPD16_eabi.lib : fd_add_t2.asm.obj (.text)
                  00001b52    00000002     ti_drivers_config.obj (.text:Board_initHook)
                  00001b54    000001a8     drivers_cc13x2.aem4f : PowerCC26X2.oem4f (.text:Power_sleep)
                  00001cfc    00000190     rf_multiMode_cc13x2.aem4f : RFCC26X2_multiMode.c.cc13x2.ccs.o (.text:RF_dispatchNextCmd)
                  00001e8c    00000190     drivers_cc13x2.aem4f : PowerCC26X2_calibrateRCOSC.oem4f (.text:calibrateRcoscHf1)
                  0000201c    0000018c                          : PowerCC26X2.oem4f (.text:Power_init)
                  000021a8    0000018c                          : PowerCC26X2_calibrateRCOSC.oem4f (.text:runCalibrateFsm)
                  00002334    00000188     release_pem4f.oem4f (.text:xdc_runtime_System_printfExtend__I)
                  000024bc    00000174     drivers_cc13x2.aem4f : SPICC26X2DMA.oem4f (.text:configNextTransfer)
                  00002630    00000170                          : SPICC26X2DMA.oem4f (.text:SPICC26X2DMA_transferCancel)
                  000027a0    00000154     rf_multiMode_cc13x2.aem4f : RFCC26X2_multiMode.c.cc13x2.ccs.o (.text:RF_initRadioSetup)
                  000028f4    00000150     drivers_cc13x2.aem4f : SPICC26X2DMA.oem4f (.text:SPICC26X2DMA_open)
                  00002a44    0000014c     usb1352_spi.obj (.text:usb1352_spi_thread)
                  00002b90    00000148     rf_multiMode_cc13x2.aem4f : RFCC26X2_multiMode.c.cc13x2.ccs.o (.text:RF_fsmSetupState)
                  00002cd8    00000140                               : RFCC26X2_multiMode.c.cc13x2.ccs.o (.text:RF_close)
                  00002e18    00000140     drivers_cc13x2.aem4f : SPICC26X2DMA.oem4f (.text:initIO)
                  00002f58    00000134     rf_multiMode_cc13x2.aem4f : RFCC26X2_multiMode.c.cc13x2.ccs.o (.text:RF_abortCmd)
                  0000308c    00000120                               : RFCC26X2_multiMode.c.cc13x2.ccs.o (.text:RF_radioOpDoneCb)
                  000031ac    00000112                               : RFCC26X2_multiMode.c.cc13x2.ccs.o (.text:RF_decodeOverridePointers)
                  000032be    00000002                               : rfc.c.cc13x2.ccs.o (.text:NOROM_RFCCpePatchReset)
                  000032c0    00000110     drivers_cc13x2.aem4f : GPIOCC26XX.oem4f (.text:GPIO_setConfig)
                  000033d0    00000100                          : PowerCC26X2.oem4f (.text:configureXOSCHF)
                  000034d0    000000fc     driverlib.lib : sys_ctrl.obj (.text:NOROM_SysCtrlStandby)
                  000035cc    000000fc     rf_multiMode_cc13x2.aem4f : RFCC26X2_multiMode.c.cc13x2.ccs.o (.text:RF_hwiCpe0Active)
                  000036c8    000000fc     rtsv7M4_T_le_v4SPD16_eabi.lib : fd_mul_t2.asm.obj (.text)
                  000037c4    000000f8     drivers_cc13x2.aem4f : PINCC26XX.oem4f (.text:PINCC26XX_setIoCfg)
                  000038bc    000000f4                          : SPICC26X2DMA.oem4f (.text:SPICC26X2DMA_control)
                  000039b0    000000f0     rf_multiMode_cc13x2.aem4f : RFCC26X2_multiMode.c.cc13x2.ccs.o (.text:RF_fsmPowerUpState)
                  00003aa0    000000e0     RFQueue.obj (.text:RFQueue_defineQueue)
                  00003b80    000000d8     rf_multiMode_cc13x2.aem4f : RFCC26X2_multiMode.c.cc13x2.ccs.o (.text:RF_postCmd)
                  00003c58    000000d4                               : RFCC26X2_multiMode.c.cc13x2.ccs.o (.text:RF_pendCmd)
                  00003d2c    000000d2                               : RFCC26X2_multiMode.c.cc13x2.ccs.o (.text:RF_updatePaConfiguration)
                  00003dfe    00000002                               : RFCC26X2_multiMode.c.cc13x2.ccs.o (.text:RF_defaultCallback)
                  00003e00    000000d0                               : RFCC26X2_multiMode.c.cc13x2.ccs.o (.text:RF_swiHw)
                  00003ed0    000000c8     drivers_cc13x2.aem4f : PowerCC26X2.oem4f (.text:Power_releaseDependency)
                  00003f98    000000c8     rf_multiMode_cc13x2.aem4f : RFCC26X2_multiMode.c.cc13x2.ccs.o (.text:RF_hwiTempLimit)
                  00004060    000000c4     drivers_cc13x2.aem4f : GPIOCC26XX.oem4f (.text:GPIO_init)
                  00004124    000000c4                          : PowerCC26X2.oem4f (.text:Power_setDependency)
                  000041e8    000000c4     usb1352_rf.obj (.text:usb1352_rf_init)
                  000042ac    000000b4     dpl_cc13x2.aem4f : PowerCC26X2_tirtos.oem4f (.text:PowerCC26XX_standbyPolicy)
                  00004360    000000b4     usb1352_rf.obj (.text:usb1352_rf_set_data_rate)
                  00004414    000000ac     drivers_cc13x2.aem4f : PINCC26XX.oem4f (.text:PIN_open)
                  000044c0    000000ac     driverlib.lib : setup.obj (.text:TrimAfterColdResetWakeupFromShutDown)
                  0000456c    000000a4     rf_multiMode_cc13x2.aem4f : RFCC26X2_multiMode.c.cc13x2.ccs.o (.text:RF_ratRestartChannels)
                  00004610    000000a0     auto_init.aem4f : auto_init.oem4f (.text)
                  000046b0    0000009c     rf_multiMode_cc13x2.aem4f : RFCC26X2_multiMode.c.cc13x2.ccs.o (.text:RF_calculateDispatchTime)
                  0000474c    0000009c     rtsv7M4_T_le_v4SPD16_eabi.lib : memcpy_t2.asm.obj (.text)
                  000047e8    00000098     driverlib.lib : setup.obj (.text:NOROM_SetupTrimDevice)
                  00004880    00000098     usb1352.obj (.text:main)
                  00004918    00000098     usb1352_rf.obj (.text:usb1352_rf_callback)
                  000049b0    00000096     rtsv7M4_T_le_v4SPD16_eabi.lib : ull_div_t2.asm.obj (.text)
                  00004a46    00000002                                   : _lock.c.obj (.text:_nop)
                  00004a48    00000090     rf_multiMode_cc13x2.aem4f : RFCC26X2_multiMode.c.cc13x2.ccs.o (.text:RF_discardPendCmd)
                  00004ad8    00000090     usb1352_spi.obj (.text:usb1352_transfer_to_host)
                  00004b68    0000008c     rf_multiMode_cc13x2.aem4f : RFCC26X2_multiMode.c.cc13x2.ccs.o (.text:RF_cmdDispatchTime)
                  00004bf4    00000088     driverlib.lib : osc.obj (.text:NOROM_OSCHF_AttemptToSwitchToXosc)
                  00004c7c    00000088     drivers_cc13x2.aem4f : PowerCC26X2_calibrateRCOSC.oem4f (.text:calibrateRcoscHf2)
                  00004d04    00000088                          : PowerCC26X2.oem4f (.text:disableLFClockQualifiers)
                  00004d8c    00000088                          : PowerCC26X2_calibrateRCOSC.oem4f (.text:updateSubSecInc)
                  00004e14    00000086     rtsv7M4_T_le_v4SPD16_eabi.lib : fd_cmp_t2.asm.obj (.text:__aeabi_cdcmple)
                  00004e9a    00000086                                   : fd_cmp_t2.asm.obj (.text:__aeabi_cdrcmple)
                  00004f20    00000084     rf_multiMode_cc13x2.aem4f : RFCC26X2_multiMode.c.cc13x2.ccs.o (.text:RF_issueRadioFreeCb)
                  00004fa4    00000084                               : RFCC26X2_multiMode.c.cc13x2.ccs.o (.text:RF_verifyGap)
                  00005028    00000084     rom_sysbios.aem4f : rom_sysbios.obj (.text:ti_sysbios_family_arm_m3_Hwi_excHandlerMin__I)
                  000050ac    00000080                       : rom_sysbios.obj (.text:ti_sysbios_family_arm_cc26xx_Timer_start__E)
                  0000512c    0000007c     rf_multiMode_cc13x2.aem4f : RFCC26X2_multiMode.c.cc13x2.ccs.o (.text:RF_ratFreeChannel)
                  000051a8    0000007a     rtsv7M4_T_le_v4SPD16_eabi.lib : memset_t2.asm.obj (.text)
                  00005222    00000002     drivers_cc13x2.aem4f : PowerCC26X2.oem4f (.text:emptyClockFunc)
                  00005224    00000074                          : PowerCC26X2_calibrateRCOSC.oem4f (.text:PowerCC26X2_auxISR)
                  00005298    00000072     rf_multiMode_cc13x2.aem4f : RFCC26X2_multiMode.c.cc13x2.ccs.o (.text:RF_detachOverrides)
                  0000530a    00000072     drivers_cc13x2.aem4f : SPICC26X2DMA.oem4f (.text:csnCallback)
                  0000537c    00000070     rf_multiMode_cc13x2.aem4f : rfc.c.cc13x2.ccs.o (.text:NOROM_RFCAnaDivTxOverride)
                  000053ec    00000070     drivers_cc13x2.aem4f : PINCC26XX.oem4f (.text:PIN_add)
                  0000545c    00000070     rf_multiMode_cc13x2.aem4f : RFCC26X2_multiMode.c.cc13x2.ccs.o (.text:RF_hwiHw)
                  000054cc    00000070     usb1352_rf.obj (.text:usb1352_rf_packet_rx)
                  0000553c    0000006e     rf_multiMode_cc13x2.aem4f : RFCC26X2_multiMode.c.cc13x2.ccs.o (.text:RF_attachOverrides)
                  000055aa    0000006e                               : RFCC26X2_multiMode.c.cc13x2.ccs.o (.text:RF_howToSchedule)
                  00005618    0000006e     rtsv7M4_T_le_v4SPD16_eabi.lib : ll_div_t2.asm.obj (.text)
                  00005686    00000002                                   : div0.asm.obj (.text)
                  00005688    0000006d     rom_sysbios.aem4f : rom_sysbios.obj (.text:xdc_runtime_System_formatNum__I)
                  000056f5    00000001     --HOLE-- [fill = 0]
                  000056f6    00000002     release_pem4f.oem4f (.text:ti_sysbios_BIOS_nullFunc__I)
                  000056f8    0000006c     rf_multiMode_cc13x2.aem4f : RFCC26X2_multiMode.c.cc13x2.ccs.o (.text:RF_getCurrentTime)
                  00005764    0000006c     usb1352_spi.obj (.text:usb1352_spi_init)
                  000057d0    00000068     driverlib.lib : osc.obj (.text:NOROM_OSCHF_SwitchToRcOscTurnOffXosc)
                  00005838    00000068                   : sys_ctrl.obj (.text:NOROM_SysCtrlSetRechargeBeforePowerDown)
                  000058a0    00000068     rtsv7M4_T_le_v4SPD16_eabi.lib : copy_decompress_lzss.c.obj (.text:decompress:lzss:__TI_decompress_lzss)
                  00005908    00000064     driverlib.lib : osc.obj (.text:NOROM_OSC_HPOSCRtcCompensate)
                  0000596c    00000064     rf_multiMode_cc13x2.aem4f : RFCC26X2_multiMode.c.cc13x2.ccs.o (.text:RF_dispatchNextEvent)
                  000059d0    00000062     queue.obj (.text:queue_insert)
                  00005a32    00000002     rom_sysbios.aem4f : rom_sysbios.obj (.text:xdc_runtime_SysCallback_defaultAbort)
                  00005a34    00000060     drivers_cc13x2.aem4f : GPIOCC26XX.oem4f (.text:GPIO_write)
                  00005a94    00000060     rf_multiMode_cc13x2.aem4f : RFCC26X2_multiMode.c.cc13x2.ccs.o (.text:RF_applyRfCorePatch)
                  00005af4    0000005c     drivers_cc13x2.aem4f : PINCC26XX.oem4f (.text:PIN_remove)
                  00005b50    0000005c     rf_multiMode_cc13x2.aem4f : RFCC26X2_multiMode.c.cc13x2.ccs.o (.text:RF_syncCb)
                  00005bac    0000005c     drivers_cc13x2.aem4f : SPICC26X2DMA.oem4f (.text:initHw)
                  00005c08    0000005c     rom_sysbios.aem4f : rom_sysbios.obj (.text:ti_sysbios_heaps_HeapMem_initPrimary__I)
                  00005c64    0000005c     release_pem4f.oem4f (.text:xdc_runtime_Startup_getState__I)
                  00005cc0    00000058     drivers_cc13x2.aem4f : PowerCC26X2_calibrateRCOSC.oem4f (.text:PowerCC26X2_initiateCalibration)
                  00005d18    00000058     rf_multiMode_cc13x2.aem4f : RFCC26X2_multiMode.c.cc13x2.ccs.o (.text:RF_fsmXOSCState)
                  00005d70    00000058                               : RFCC26X2_multiMode.c.cc13x2.ccs.o (.text:RF_hwiCpe0PowerFsm)
                  00005dc8    00000058     boot.aem4f : boot.oem4f (.text)
                  00005e20    00000056     rf_multiMode_cc13x2.aem4f : RFCC26X2_multiMode.c.cc13x2.ccs.o (.text:RF_defaultSubmitPolicy)
                  00005e76    00000002     rom_sysbios.aem4f : rom_sysbios.obj (.text:xdc_runtime_SysCallback_defaultExit)
                  00005e78    00000054     driverlib.lib : chipinfo.obj (.text:NOROM_ChipInfo_GetChipType)
                  00005ecc    00000054     usb1352_intr_thread.obj (.text:usb1352_intr_thread_init)
                  00005f20    00000054     usb1352_rf.obj (.text:usb1352_rf_thread_init)
                  00005f74    00000054     usb1352_spi.obj (.text:usb1352_spi_thread_init)
                  00005fc8    00000050     dpl_cc13x2.aem4f : ClockP_tirtos.oem4f (.text:ClockP_construct)
                  00006018    00000050     rf_multiMode_cc13x2.aem4f : RFCC26X2_multiMode.c.cc13x2.ccs.o (.text:RF_wakeupNotification)
                  00006068    00000050     drivers_cc13x2.aem4f : SPICC26X2DMA.oem4f (.text:SPICC26X2DMA_close)
                  000060b8    0000004c                          : UDMACC26XX.oem4f (.text:UDMACC26XX_open)
                  00006104    0000004c     rtsv7M4_T_le_v4SPD16_eabi.lib : cpy_tbl.c.obj (.text:copy_in)
                  00006150    0000004c     drivers_cc13x2.aem4f : PowerCC26X2.oem4f (.text:switchXOSCHF)
                  0000619c    0000004a     queue.obj (.text:queue_remove)
                  000061e6    00000002     rom_sysbios.aem4f : rom_sysbios.obj (.text:xdc_runtime_SysCallback_defaultFlush)
                  000061e8    00000048     rf_multiMode_cc13x2.aem4f : rfc.c.cc13x2.ccs.o (.text:NOROM_RFCSynthPowerDown)
                  00006230    00000048     drivers_cc13x2.aem4f : PowerCC26X2_calibrateRCOSC.oem4f (.text:PowerCC26X2_RCOSC_clockFunc)
                  00006278    00000048                          : PowerCC26X2.oem4f (.text:PowerCC26XX_switchXOSC_HF)
                  000062c0    00000048     rtsv7M4_T_le_v4SPD16_eabi.lib : fd_toi_t2.asm.obj (.text)
                  00006308    00000044     driverlib.lib : chipinfo.obj (.text:NOROM_ChipInfo_GetHwRevision)
                  0000634c    00000044     drivers_cc13x2.aem4f : PINCC26XX.oem4f (.text:PIN_swi)
                  00006390    00000044                          : SPI.oem4f (.text:SPI_init)
                  000063d4    00000044     rtsv7M4_T_le_v4SPD16_eabi.lib : fd_tou_t2.asm.obj (.text)
                  00006418    00000044     usb1352_rf.obj (.text:usb1352_rf_packet_tx)
                  0000645c    00000042     drivers_cc13x2.aem4f : SPICC26X2DMA.oem4f (.text:SPICC26X2DMA_swiFxn)
                  0000649e    00000002     rom_sysbios.aem4f : rom_sysbios.obj (.text:xdc_runtime_SysCallback_defaultPutch)
                  000064a0    00000040     drivers_cc13x2.aem4f : PowerCC26X2.oem4f (.text:PowerCC26XX_isStableXOSC_HF)
                  000064e0    00000040                          : SPI.oem4f (.text:SPI_open)
                  00006520    00000040     rtsv7M4_T_le_v4SPD16_eabi.lib : u_divt2.asm.obj (.text)
                  00006560    00000040     rom_sysbios.aem4f : rom_sysbios.obj (.text:ti_sysbios_family_arm_cc26xx_Timer_setThreshold__I)
                  000065a0    00000040     usb1352_amp.obj (.text:usb1352_amp_init)
                  000065e0    00000040     usb1352_spi.obj (.text:usb1352_spi_read_write)
                  00006620    0000003e     dpl_cc13x2.aem4f : HwiP_tirtos.oem4f (.text:HwiP_construct)
                  0000665e    00000002     --HOLE-- [fill = 0]
                  00006660    0000003c     drivers_cc13x2.aem4f : PINCC26XX.oem4f (.text:PIN_setInterrupt)
                  0000669c    0000003c     rf_multiMode_cc13x2.aem4f : RFCC26X2_multiMode.c.cc13x2.ccs.o (.text:RF_cmdGet)
                  000066d8    0000003c                               : RFCC26X2_multiMode.c.cc13x2.ccs.o (.text:RF_cmdStoreEvents)
                  00006714    0000003c     dpl_cc13x2.aem4f : SwiP_tirtos.oem4f (.text:SwiP_construct)
                  00006750    0000003c     rom_sysbios.aem4f : rom_sysbios.obj (.text:ti_sysbios_family_arm_m3_Hwi_construct2__E)
                  0000678c    00000038     driverlib.lib : osc.obj (.text:NOROM_OSC_HPOSCRelativeFrequencyOffsetGet)
                  000067c4    00000038     drivers_cc13x2.aem4f : PINCC26XX.oem4f (.text:PIN_setConfig)
                  000067fc    00000038     rf_multiMode_cc13x2.aem4f : RFCC26X2_multiMode.c.cc13x2.ccs.o (.text:RF_checkCmdFsError)
                  00006834    00000038                               : RFCC26X2_multiMode.c.cc13x2.ccs.o (.text:RF_powerConstraintRelease)
                  0000686c    00000038     drivers_cc13x2.aem4f : PowerCC26X2.oem4f (.text:notify)
                  000068a4    00000038     rtsv7M4_T_le_v4SPD16_eabi.lib : fs_tod_t2.asm.obj (.text)
                  000068dc    00000036     drivers_cc13x2.aem4f : UDMACC26XX.oem4f (.text:UDMACC26XX_close)
                  00006912    00000036     rf_multiMode_cc13x2.aem4f : rf_patch_cpe_prop.c.cc13x2.ccs.o (.text:configurePropPatch)
                  00006948    00000036     rom_sysbios.aem4f : rom_sysbios.obj (.text:ti_sysbios_family_arm_cc26xx_Timer_setNextTick__E)
                  0000697e    00000002     --HOLE-- [fill = 0]
                  00006980    00000034     drivers_cc13x2.aem4f : GPIOCC26XX.oem4f (.text:GPIO_toggle)
                  000069b4    00000034     driverlib.lib : aux_sysif.obj (.text:NOROM_AUXSYSIFOpModeChange)
                  000069e8    00000034                   : sys_ctrl.obj (.text:NOROM_SysCtrlIdle)
                  00006a1c    00000034     rf_multiMode_cc13x2.aem4f : RFCC26X2_multiMode.c.cc13x2.ccs.o (.text:RF_runDirectImmediateCmd)
                  00006a50    00000034     usb1352_rf.obj (.text:usb1352_rf_receive)
                  00006a84    00000030     drivers_cc13x2.aem4f : GPIOCC26XX.oem4f (.text:GPIO_hwiIntFxn)
                  00006ab4    00000030                          : GPIOCC26XX.oem4f (.text:GPIO_setCallback)
                  00006ae4    00000030                          : PINCC26XX.oem4f (.text:PINCC26XX_setMux)
                  00006b14    00000030                          : PowerCC26X2.oem4f (.text:Power_releaseConstraint)
                  00006b44    00000030                          : PowerCC26X2.oem4f (.text:Power_setConstraint)
                  00006b74    00000030     release_pem4f.oem4f (.text:ti_sysbios_BIOS_atExitFunc__I)
                  00006ba4    00000030     release_pem4f.oem4f (.text:ti_sysbios_BIOS_startFunc__I)
                  00006bd4    00000030     rom_sysbios.aem4f : rom_sysbios.obj (.text:ti_sysbios_family_arm_cc26xx_Timer_getCurrentTick__E)
                  00006c04    00000030                       : rom_sysbios.obj (.text:ti_sysbios_family_arm_cc26xx_Timer_initDevice__I)
                  00006c34    0000002e     rf_multiMode_cc13x2.aem4f : RFCC26X2_multiMode.c.cc13x2.ccs.o (.text:RF_queueEnd)
                  00006c62    0000002e     rtsv7M4_T_le_v4SPD16_eabi.lib : i_tofd_t2.asm.obj (.text)
                  00006c90    0000002e     release_pem4f.oem4f (.text:ti_sysbios_rts_MemAlloc_alloc)
                  00006cbe    00000002     --HOLE-- [fill = 0]
                  00006cc0    0000002c     rf_multiMode_cc13x2.aem4f : RFCC26X2_multiMode.c.cc13x2.ccs.o (.text:RF_executeDirectImmediateCmd)
                  00006cec    0000002c     dpl_cc13x2.aem4f : SemaphoreP_tirtos.oem4f (.text:SemaphoreP_constructBinary)
                  00006d18    0000002c                      : SemaphoreP_tirtos.oem4f (.text:SemaphoreP_createBinary)
                  00006d44    0000002c     rom_sysbios.aem4f : rom_sysbios.obj (.text:_pthread_delete$45)
                  00006d70    0000002c     rf_multiMode_cc13x2.aem4f : rf_patch_cpe_prop.c.cc13x2.ccs.o (.text:applyPropPatch)
                  00006d9c    0000002c     rom_sysbios.aem4f : rom_sysbios.obj (.text:ti_sysbios_knl_Clock_getTicksUntilInterrupt__E)
                  00006dc8    0000002c     usb1352_intr_thread.obj (.text:usb1352_intr_thread)
                  00006df4    0000002a     drivers_cc13x2.aem4f : List.oem4f (.text:List_insert)
                  00006e1e    0000002a     rf_multiMode_cc13x2.aem4f : RFCC26X2_multiMode.c.cc13x2.ccs.o (.text:RF_searchAndReplacePAOverride)
                  00006e48    0000002a     rom_sysbios.aem4f : rom_sysbios.obj (.text:ti_sysbios_knl_Clock_getTimeout__E)
                  00006e72    00000002     --HOLE-- [fill = 0]
                  00006e74    00000028     driverlib.lib : osc.obj (.text:NOROM_OSCHF_TurnOnXosc)
                  00006e9c    00000028     rf_multiMode_cc13x2.aem4f : rfc.c.cc13x2.ccs.o (.text:NOROM_RFCOverrideSearch)
                  00006ec4    00000028     drivers_cc13x2.aem4f : PowerCC26X2.oem4f (.text:Power_registerNotify)
                  00006eec    00000028     rf_multiMode_cc13x2.aem4f : RFCC26X2_multiMode.c.cc13x2.ccs.o (.text:RF_calculateDeltaTimeUs)
                  00006f14    00000028                               : RFCC26X2_multiMode.c.cc13x2.ccs.o (.text:RF_runCmd)
                  00006f3c    00000028     drivers_cc13x2.aem4f : SPICC26X2DMA.oem4f (.text:flushFifos)
                  00006f64    00000028                          : PowerCC26X2.oem4f (.text:oscillatorISR)
                  00006f8c    00000028     usb1352_spi.obj (.text:usb1352_spi_callback)
                  00006fb4    00000026     drivers_cc13x2.aem4f : List.oem4f (.text:List_put)
                  00006fda    00000026                          : List.oem4f (.text:List_putHead)
                  00007000    00000026                          : List.oem4f (.text:List_remove)
                  00007026    00000002     --HOLE-- [fill = 0]
                  00007028    00000024     rf_multiMode_cc13x2.aem4f : rfc.c.cc13x2.ccs.o (.text:NOROM_RFCDoorbellSendTo)
                  0000704c    00000024                               : RFCC26X2_multiMode.c.cc13x2.ccs.o (.text:RF_cmdAlloc)
                  00007070    00000024                               : RFCC26X2_multiMode.c.cc13x2.ccs.o (.text:RF_invokeGlobalCallback)
                  00007094    00000024     rom_sysbios.aem4f : rom_sysbios.obj (.text:_pthread_cleanupFxn)
                  000070b8    00000024     drivers_cc13x2.aem4f : PowerCC26X2_calibrateRCOSC.oem4f (.text:getTdcSemaphore)
                  000070dc    00000024     release_pem4f.oem4f (.text:ti_sysbios_BIOS_registerRTSLock__I)
                  00007100    00000024     release_pem4f.oem4f (.text:ti_sysbios_BIOS_removeRTSLock__I)
                  00007124    00000024     rom_sysbios.aem4f : rom_sysbios.obj (.text:ti_sysbios_family_arm_cc26xx_Timer_getMaxTicks__E)
                  00007148    00000022     drivers_cc13x2.aem4f : List.oem4f (.text:List_get)
                  0000716a    00000022     queue.obj (.text:queue_init)
                  0000718c    00000020     dpl_cc13x2.aem4f : HwiP_tirtos.oem4f (.text:HwiP_setFunc)
                  000071ac    00000020     drivers_cc13x2.aem4f : PINCC26XX.oem4f (.text:PINCC26XX_setIoCfgMux)
                  000071cc    00000020                          : PowerCC26X2.oem4f (.text:Power_unregisterNotify)
                  000071ec    00000020     RFQueue.obj (.text:RFQueue_nextEntry)
                  0000720c    00000020     rf_multiMode_cc13x2.aem4f : RFCC26X2_multiMode.c.cc13x2.ccs.o (.text:RF_clkPowerUp)
                  0000722c    00000020                               : RFCC26X2_multiMode.c.cc13x2.ccs.o (.text:RF_hwiCpe0ChangePhy)
                  0000724c    00000020                               : RFCC26X2_multiMode.c.cc13x2.ccs.o (.text:RF_isStateTransitionAllowed)
                  0000726c    00000020                               : RFCC26X2_multiMode.c.cc13x2.ccs.o (.text:RF_ratIsRunning)
                  0000728c    00000020     release_pem4f.oem4f (.text:ti_sysbios_BIOS_rtsLock__I)
                  000072ac    00000020     rom_sysbios.aem4f : rom_sysbios.obj (.text:ti_sysbios_family_arm_cc26xx_Timer_dynamicStub__E)
                  000072cc    00000020                       : rom_sysbios.obj (.text:xdc_runtime_Error_policyMin__E)
                  000072ec    0000001e     drivers_cc13x2.aem4f : PINCC26XX.oem4f (.text:PIN_close)
                  0000730a    0000001e                          : PowerCC26X2.oem4f (.text:Power_getTransitionLatency)
                  00007328    0000001c     ti_drivers_config.obj (.text:Board_init)
                  00007344    0000001c     driverlib.lib : chipinfo.obj (.text:NOROM_ChipInfo_GetChipFamily)
                  00007360    0000001c     drivers_cc13x2.aem4f : PINCC26XX.oem4f (.text:PIN_hwi)
                  0000737c    0000001c     dpl_cc13x2.aem4f : PowerCC26X2_tirtos.oem4f (.text:PowerCC26XX_schedulerDisable)
                  00007398    0000001c                      : PowerCC26X2_tirtos.oem4f (.text:PowerCC26XX_schedulerRestore)
                  000073b4    0000001c     rf_multiMode_cc13x2.aem4f : RFCC26X2_multiMode.c.cc13x2.ccs.o (.text:RF_clkInactivityCallback)
                  000073d0    0000001c                               : RFCC26X2_multiMode.c.cc13x2.ccs.o (.text:RF_getPAOverrideOffsetAndValue)
                  000073ec    0000001c                               : RFCC26X2_multiMode.c.cc13x2.ccs.o (.text:RF_powerConstraintSet)
                  00007408    0000001c     drivers_cc13x2.aem4f : UDMACC26XX.oem4f (.text:UDMACC26XX_initHw)
                  00007424    0000001c     rom_sysbios.aem4f : rom_sysbios.obj (.text:ti_sysbios_family_arm_m3_Hwi_clearInterrupt__E)
                  00007440    0000001c                       : rom_sysbios.obj (.text:ti_sysbios_knl_Swi_construct2__E)
                  0000745c    0000001c     release_pem4f.oem4f (.text:xdc_runtime_Startup_exec__I)
                  00007478    0000001a     drivers_cc13x2.aem4f : PowerCC26X2.oem4f (.text:PowerCC26XX_calibrate)
                  00007492    0000001a     queue.obj (.text:queue_full)
                  000074ac    00000018     driverlib.lib : chipinfo.obj (.text:NOROM_ChipInfo_GetPackageType)
                  000074c4    00000018     drivers_cc13x2.aem4f : PowerCC26X2.oem4f (.text:Power_idleFunc)
                  000074dc    00000018     rf_multiMode_cc13x2.aem4f : RFCC26X2_multiMode.c.cc13x2.ccs.o (.text:RF_swiFsm)
                  000074f4    00000018     rtsv7M4_T_le_v4SPD16_eabi.lib : args_main.c.obj (.text:_args_main)
                  0000750c    00000018     queue.obj (.text:queue_empty)
                  00007524    00000018     rtsv7M4_T_le_v4SPD16_eabi.lib : ll_mul_t2.asm.obj (.text)
                  0000753c    00000018     release_pem4f.oem4f (.text:ti_sysbios_BIOS_rtsUnlock__I)
                  00007554    00000018     rom_sysbios.aem4f : rom_sysbios.obj (.text:ti_sysbios_knl_Swi_or__E)
                  0000756c    00000018                       : rom_sysbios.obj (.text:xdc_runtime_Error_init__E)
                  00007584    00000016     driverlib.lib : chipinfo.obj (.text:NOROM_ThisLibraryIsFor_CC13x2_CC26x2_HwRev20AndLater_HaltIfViolated)
                  0000759a    00000016     rf_multiMode_cc13x2.aem4f : RFCC26X2_multiMode.c.cc13x2.ccs.o (.text:RF_restartClockTimeout)
                  000075b0    00000016     release_pem4f.oem4f (.text:ti_sysbios_BIOS_exitFunc__I)
                  000075c6    00000016     usb1352.obj (.text:ti_sysbios_knl_Semaphore_Params_init)
                  000075dc    00000016     usb1352_intr_thread.obj (.text:ti_sysbios_knl_Task_Params_init)
                  000075f2    00000016     usb1352_rf.obj (.text:ti_sysbios_knl_Task_Params_init)
                  00007608    00000016     usb1352_spi.obj (.text:ti_sysbios_knl_Task_Params_init)
                  0000761e    00000014     drivers_cc13x2.aem4f : List.oem4f (.text:List_clearList)
                  00007632    00000002     --HOLE-- [fill = 0]
                  00007634    00000014     rf_multiMode_cc13x2.aem4f : rfc.c.cc13x2.ccs.o (.text:NOROM_RFCCpeIntGetAndClear)
                  00007648    00000014     drivers_cc13x2.aem4f : PINCC26XX.oem4f (.text:PINCC26XX_getInputValue)
                  0000765c    00000014                          : PowerCC26X2_calibrateRCOSC.oem4f (.text:PowerCC26X2_calibrate)
                  00007670    00000014     rf_multiMode_cc13x2.aem4f : RFCC26X2_multiMode.c.cc13x2.ccs.o (.text:RF_Params_init)
                  00007684    00000014                               : RFCC26X2_multiMode.c.cc13x2.ccs.o (.text:RF_dbellSyncOnAck)
                  00007698    00000014                               : RFCC26X2_multiMode.c.cc13x2.ccs.o (.text:RF_ratGetChannel)
                  000076ac    00000014     drivers_cc13x2.aem4f : SPI.oem4f (.text:SPI_Params_init)
                  000076c0    00000014                          : PowerCC26X2.oem4f (.text:switchToTCXO)
                  000076d4    00000014     rom_sysbios.aem4f : rom_sysbios.obj (.text:ti_sysbios_family_arm_cc26xx_Timer_getCount64__E)
                  000076e8    00000014     release_pem4f.oem4f (.text:ti_sysbios_knl_Clock_doTick__I)
                  000076fc    00000014     usb1352.obj (.text:usb1352_interrupt)
                  00007710    00000012     dpl_cc13x2.aem4f : SemaphoreP_tirtos.oem4f (.text:SemaphoreP_pend)
                  00007722    00000010                      : ClockP_tirtos.oem4f (.text:ClockP_isActive)
                  00007732    00000010                      : HwiP_tirtos.oem4f (.text:HwiP_Params_init)
                  00007742    00000002     --HOLE-- [fill = 0]
                  00007744    00000010     rf_multiMode_cc13x2.aem4f : rfc.c.cc13x2.ccs.o (.text:NOROM_RFCHwIntGetAndClear)
                  00007754    00000010     drivers_cc13x2.aem4f : PINCC26XX.oem4f (.text:PINCC26XX_getPinCount)
                  00007764    00000010     rf_multiMode_cc13x2.aem4f : RFCC26X2_multiMode.c.cc13x2.ccs.o (.text:RF_dbellSubmitCmdAsync)
                  00007774    00000010                               : RFCC26X2_multiMode.c.cc13x2.ccs.o (.text:RF_isClientOwner)
                  00007784    00000010     dpl_cc13x2.aem4f : SwiP_tirtos.oem4f (.text:SwiP_Params_init)
                  00007794    00000010     rom_sysbios.aem4f : rom_sysbios.obj (.text:ti_sysbios_family_arm_m3_Hwi_post__E)
                  000077a4    0000000e     rf_multiMode_cc13x2.aem4f : RFCC26X2_multiMode.c.cc13x2.ccs.o (.text:RF_getSwitchingTimeInUs)
                  000077b2    0000000e     rtsv7M4_T_le_v4SPD16_eabi.lib : copy_decompress_none.c.obj (.text:decompress:none:__TI_decompress_none)
                  000077c0    0000000e     rom_sysbios.aem4f : rom_sysbios.obj (.text:ti_sysbios_family_arm_cc26xx_TimestampProvider_get32__E)
                  000077ce    0000000c     driverlib.lib : cpu.obj (.text:NOROM_CPUcpsid)
                  000077da    0000000c                   : cpu.obj (.text:NOROM_CPUcpsie)
                  000077e6    0000000c     drivers_cc13x2.aem4f : PINCC26XX.oem4f (.text:PIN_registerIntCb)
                  000077f2    00000002     --HOLE-- [fill = 0]
                  000077f4    0000000c                          : PowerCC26X2.oem4f (.text:Power_getConstraintMask)
                  00007800    0000000c                          : PowerCC26X2.oem4f (.text:Power_getDependencyCount)
                  0000780c    0000000c     RFQueue.obj (.text:RFQueue_getDataEntry)
                  00007818    0000000c     rf_multiMode_cc13x2.aem4f : RFCC26X2_multiMode.c.cc13x2.ccs.o (.text:RF_powerConstraintGet)
                  00007824    0000000c     dpl_cc13x2.aem4f : SemaphoreP_tirtos.oem4f (.text:SemaphoreP_delete)
                  00007830    0000000c     rtsv7M4_T_le_v4SPD16_eabi.lib : _lock.c.obj (.text:_register_lock)
                  0000783c    0000000c                                   : _lock.c.obj (.text:_register_unlock)
                  00007848    0000000c                                   : copy_zero_init.c.obj (.text:decompress:ZI:__TI_zero_init)
                  00007854    0000000c     drivers_cc13x2.aem4f : SPICC26X2DMA.oem4f (.text:spiPostNotify)
                  00007860    0000000c     rom_sysbios.aem4f : rom_sysbios.obj (.text:ti_sysbios_knl_Swi_getTrigger__E)
                  0000786c    0000000a     dpl_cc13x2.aem4f : ClockP_tirtos.oem4f (.text:ClockP_Params_init)
                  00007876    0000000a     drivers_cc13x2.aem4f : SPICC26X2DMA.oem4f (.text:SPICC26X2DMA_init)
                  00007880    0000000a                          : SPI.oem4f (.text:SPI_transfer)
                  0000788a    0000000a                          : UDMACC26XX.oem4f (.text:UDMACC26XX_hwiIntFxn)
                  00007894    00000008                          : SPICC26X2DMA.oem4f (.text:blockingTransferCallback)
                  0000789c    00000008     release_pem4f.oem4f (.text:xdc_runtime_Text_visitRope__I)
                  000078a4    00000006     rf_multiMode_cc13x2.aem4f : RFCC26X2_multiMode.c.cc13x2.ccs.o (.text:RF_clkReqAccess)
                  000078aa    00000006     rom_sysbios.aem4f : rom_sysbios.obj (.text:ti_sysbios_family_arm_m3_Hwi_setFunc__E)
                  000078b0    00000004     dpl_cc13x2.aem4f : PowerCC26X2_tirtos.oem4f (.text:CPUwfi)
                  000078b4    00000004                      : ClockP_tirtos.oem4f (.text:ClockP_destruct)
                  000078b8    00000004                      : ClockP_tirtos.oem4f (.text:ClockP_getCpuFreq)
                  000078bc    00000004                      : ClockP_tirtos.oem4f (.text:ClockP_getTimeout)
                  000078c0    00000004                      : ClockP_tirtos.oem4f (.text:ClockP_setTimeout)
                  000078c4    00000004                      : ClockP_tirtos.oem4f (.text:ClockP_start)
                  000078c8    00000004                      : ClockP_tirtos.oem4f (.text:ClockP_stop)
                  000078cc    00000004                      : HwiP_tirtos.oem4f (.text:HwiP_clearInterrupt)
                  000078d0    00000004                      : HwiP_tirtos.oem4f (.text:HwiP_destruct)
                  000078d4    00000004                      : HwiP_tirtos.oem4f (.text:HwiP_disable)
                  000078d8    00000004                      : HwiP_tirtos.oem4f (.text:HwiP_disableInterrupt)
                  000078dc    00000004                      : HwiP_tirtos.oem4f (.text:HwiP_enableInterrupt)
                  000078e0    00000004                      : HwiP_tirtos.oem4f (.text:HwiP_post)
                  000078e4    00000004     rf_multiMode_cc13x2.aem4f : rfc.c.cc13x2.ccs.o (.text:NOROM_RFCOverrideUpdate)
                  000078e8    00000004                               : RFCC26X2_multiMode.c.cc13x2.ccs.o (.text:RF_defaultConflictPolicy)
                  000078ec    00000004     dpl_cc13x2.aem4f : SemaphoreP_tirtos.oem4f (.text:SemaphoreP_destruct)
                  000078f0    00000004                      : SemaphoreP_tirtos.oem4f (.text:SemaphoreP_post)
                  000078f4    00000004                      : SwiP_tirtos.oem4f (.text:SwiP_destruct)
                  000078f8    00000004                      : SwiP_tirtos.oem4f (.text:SwiP_disable)
                  000078fc    00000004                      : SwiP_tirtos.oem4f (.text:SwiP_getTrigger)
                  00007900    00000004                      : SwiP_tirtos.oem4f (.text:SwiP_or)
                  00007904    00000004                      : SwiP_tirtos.oem4f (.text:SwiP_post)
                  00007908    00000004     drivers_cc13x2.aem4f : PowerCC26X2.oem4f (.text:configureRFCoreClocks)
                  0000790c    00000004                          : PowerCC26X2.oem4f (.text:nopResourceHandler)
                  00007910    00000004     rom_sysbios.aem4f : rom_sysbios.obj (.text:ti_sysbios_knl_Clock_isActive__E)
                  00007914    00000004     release_pem4f.oem4f (.text:xdc_runtime_Startup_reset__I)
                  00007918    00000004     rom_sysbios.aem4f : rom_sysbios.obj (.text:xdc_runtime_SysCallback_defaultReady)
                  0000791c    00000008     (.tramp.ti_sysbios_knl_Swi_destruct.1)
                  00007924    00000008     (.tramp.ti_sysbios_family_arm_m3_Hwi_enableInterrupt__E.1)
                  0000792c    00000008     (.tramp.ti_sysbios_family_arm_m3_Hwi_disableInterrupt__E.1)
                  00007934    00000008     (.tramp.ti_sysbios_family_arm_m3_Hwi_destruct.1)
                  0000793c    00000008     (.tramp.ti_sysbios_BIOS_getCpuFreq__E.1)
                  00007944    00000008     (.tramp.ti_sysbios_knl_Clock_destruct.1)
                  0000794c    00000008     (.tramp.ti_sysbios_knl_Semaphore_delete.1)
                  00007954    00000008     (.tramp.ti_sysbios_knl_Clock_logTick__E.1)
                  0000795c    00000008     (.tramp.ti_sysbios_knl_Task_Params__init__S.1)
                  00007964    00000008     (.tramp.ti_sysbios_knl_Swi_post__E.1)
                  0000796c    00000008     (.tramp.ti_sysbios_BIOS_RtsGateProxy_leave__E.1)
                  00007974    00000008     (.tramp.ti_sysbios_knl_Swi_construct.1)
                  0000797c    00000008     (.tramp.ti_sysbios_BIOS_RtsGateProxy_enter__E.1)
                  00007984    00000008     (.tramp.ti_sysbios_family_arm_m3_Hwi_disableFxn__E.1)
                  0000798c    00000008     (.tramp.ti_sysbios_knl_Task_restore__E.1)
                  00007994    00000008     (.tramp.ti_sysbios_knl_Clock_getTicks__E.1)
                  0000799c    00000008     (.tramp.ti_sysbios_knl_Clock_TimerProxy_getCurrentTick__E.1)
                  000079a4    00000008     (.tramp.xdc_runtime_Memory_free__E.1)
                  000079ac    00000008     (.tramp.ti_sysbios_knl_Task_delete.1)
                  000079b4    00000008     (.tramp.ti_sysbios_knl_Semaphore_destruct.1)
                  000079bc    00000008     (.tramp.ti_sysbios_knl_Semaphore_construct.1)
                  000079c4    00000008     (.tramp.ti_sysbios_knl_Semaphore_Params__init__S.1)
                  000079cc    00000008     (.tramp.xdc_runtime_Memory_alloc__E.1)
                  000079d4    00000008     (.tramp.ti_sysbios_knl_Task_startup__E.1)
                  000079dc    00000008     (.tramp.ti_sysbios_knl_Swi_startup__E.1)
                  000079e4    00000008     (.tramp.ti_sysbios_hal_Hwi_startup__E.1)
                  000079ec    00000008     (.tramp.ti_sysbios_family_arm_cc26xx_Timer_startup__E.1)
                  000079f4    00000008     (.tramp.xdc_runtime_System_atexit__E.1)
                  000079fc    00000008     (.tramp.ti_sysbios_BIOS_linkedWithIncorrectBootLibrary__E.1)
                  00007a04    00000008     (.tramp.xdc_runtime_Startup_rtsDone__E.1)
                  00007a0c    00000008     (.tramp.ti_sysbios_knl_Task_disable__E.1)
                  00007a14    00000008     (.tramp.ti_sysbios_knl_Swi_disable__E.1)
                  00007a1c    00000008     (.tramp.ti_sysbios_family_arm_m3_Hwi_construct.1)
                  00007a24    00000008     (.tramp.ti_sysbios_knl_Swi_Params__init__S.1)
                  00007a2c    00000008     (.tramp.ti_sysbios_family_arm_m3_Hwi_Params__init__S.1)
                  00007a34    00000008     (.tramp.ti_sysbios_knl_Clock_construct.1)
                  00007a3c    00000008     (.tramp.ti_sysbios_knl_Clock_Params__init__S.1)
                  00007a44    00000008     (.tramp.ti_sysbios_knl_Task_construct.1)
                  00007a4c    00000008     (.tramp.xdc_runtime_System_exit__E.1)
                  00007a54    00000008     (.tramp.ti_sysbios_heaps_HeapMem_restore__E.1)
                  00007a5c    00000008     (.tramp.ti_sysbios_heaps_HeapMem_Object__get__S.1)
                  00007a64    00000008     (.tramp.xdc_runtime_Error_raiseX__E.1)
                  00007a6c    00000008     (.tramp.ti_sysbios_BIOS_setThreadType__E.1)
                  00007a74    00000008     (.tramp.ti_sysbios_family_arm_m3_Hwi_excFillContext__I.1)
                  00007a7c    00000008     (.tramp.ti_sysbios_BIOS_start__E.1)
                  00007a84    00000008     (.tramp.ti_sysbios_knl_Event_create.1)
                  00007a8c    00000008     (.tramp.ti_sysbios_knl_Semaphore_create.1)
                  00007a94    00000008     (.tramp.ti_sysbios_knl_Clock_stop__E.1)
                  00007a9c    00000008     (.tramp.ti_sysbios_knl_Clock_start__E.1)
                  00007aa4    00000008     (.tramp.ti_sysbios_knl_Clock_setTimeout__E.1)
                  00007aac    00000008     (.tramp.ti_sysbios_knl_Event_post__E.1)
                  00007ab4    00000008     (.tramp.ti_sysbios_knl_Event_pend__E.1)
                  00007abc    00000008     (.tramp.xdc_runtime_System_doPrint__I.1)
                  00007ac4    00000008     (.tramp.ti_sysbios_knl_Swi_restore__E.1)
                  00007acc    00000008     (.tramp.ti_sysbios_knl_Semaphore_post__E.1)
                  00007ad4    00000008     (.tramp.ti_sysbios_knl_Semaphore_pend__E.1)
                  00007adc    00000008     (.tramp.ti_sysbios_knl_Task_sleep__E.1)
                  00007ae4    00000008     (.tramp.ti_sysbios_family_arm_m3_Hwi_restoreFxn__E.1)

.const     0    00007aec    000007e4     
                  00007aec    000003b8     release_pem4f.oem4f (.const:ROM_constStruct)
                  00007ea4    00000154     rf_multiMode_cc13x2.aem4f : rf_patch_cpe_prop.c.cc13x2.ccs.o (.const:patchImageProp)
                  00007ff8    00000054     drivers_cc13x2.aem4f : PowerCC26X2.oem4f (.const:resourceDB)
                  0000804c    00000048     release_pem4f.oem4f (.const:.string)
                  00008094    00000048     release_pem4f.oem4f (.const:ROM_externFuncPtrs)
                  000080dc    0000003c     ti_drivers_config.obj (.const:BoardGpioInitTable)
                  00008118    00000024     release_pem4f.oem4f (.const:xdc_runtime_Startup_sfxnTab__A)
                  0000813c    00000020     rf_multiMode_cc13x2.aem4f : RFCC26X2_multiMode.c.cc13x2.ccs.o (.const:RF_defaultParams)
                  0000815c    00000020     drivers_cc13x2.aem4f : SPI.oem4f (.const:SPI_defaultParams)
                  0000817c    00000020     ti_drivers_config.obj (.const:spiCC26X2DMAHWAttrs)
                  0000819c    00000018     drivers_cc13x2.aem4f : SPICC26X2DMA.oem4f (.const:SPICC26X2DMA_fxnTable)
                  000081b4    00000018                          : SPICC26X2DMA.oem4f (.const:frameFormat)
                  000081cc    00000018                          : GPIOCC26XX.oem4f (.const:interruptType)
                  000081e4    00000014     ti_drivers_config.obj (.const:GPIOCC26XX_config)
                  000081f8    00000014     ti_drivers_config.obj (.const:PowerCC26X2_config)
                  0000820c    00000012     release_pem4f.oem4f (.const:xdc_runtime_Startup_sfxnRts__A)
                  0000821e    00000001     ti_drivers_config.obj (.const)
                  0000821f    00000001     release_pem4f.oem4f (.const:xdc_runtime_Text_charTab__A)
                  00008220    00000010     drivers_cc13x2.aem4f : GPIOCC26XX.oem4f (.const:outPinTypes)
                  00008230    0000000c     ti_drivers_config.obj (.const:RFCC26XX_hwAttrs)
                  0000823c    0000000c     ti_drivers_config.obj (.const:SPI_config)
                  00008248    0000000c     drivers_cc13x2.aem4f : GPIOCC26XX.oem4f (.const:inPinTypes)
                  00008254    0000000c                          : GPIOCC26XX.oem4f (.const:outPinStrengths)
                  00008260    0000000c     release_pem4f.oem4f (.const:xdc_runtime_Startup_firstFxns__A)
                  0000826c    00000008     driverlib.lib : aux_sysif.obj (.const:$O1$$)
                  00008274    00000008     ti_drivers_config.obj (.const:PINCC26XX_hwAttrs)
                  0000827c    00000008     rf_multiMode_cc13x2.aem4f : RFCC26X2_multiMode.c.cc13x2.ccs.o (.const:RFCC26XX_schedulerPolicy)
                  00008284    00000008     ti_drivers_config.obj (.const:UDMACC26XX_config)
                  0000828c    00000008     drivers_cc13x2.aem4f : SPICC26X2DMA.oem4f (.const:dmaNullConfig)
                  00008294    00000008                          : SPICC26X2DMA.oem4f (.const:dmaRxConfig)
                  0000829c    00000008                          : SPICC26X2DMA.oem4f (.const:dmaTxConfig)
                  000082a4    00000008     release_pem4f.oem4f (.const:ti_sysbios_family_arm_m3_Hwi_excHookFuncs__A)
                  000082ac    00000008     release_pem4f.oem4f (.const:ti_sysbios_knl_Idle_funcList__A)
                  000082b4    00000008     ti_drivers_config.obj (.const:udmaCC26XXHWAttrs)
                  000082bc    00000004     release_pem4f.oem4f (.const:ti_sysbios_family_arm_m3_Hwi_E_exception__C)
                  000082c0    00000004     release_pem4f.oem4f (.const:ti_sysbios_heaps_HeapMem_primaryHeapBaseAddr__C)
                  000082c4    00000004     release_pem4f.oem4f (.const:ti_sysbios_heaps_HeapMem_primaryHeapEndAddr__C)
                  000082c8    00000004     release_pem4f.oem4f (.const:ti_sysbios_knl_Clock_tickPeriod__C)
                  000082cc    00000004     release_pem4f.oem4f (.const:ti_sysbios_knl_Task_Object__heap__C)

MODULE SUMMARY

       Module                              code    ro data   rw data
       ------                              ----    -------   -------
    .\
       usb1352.obj                         194     0         0      
    +--+-----------------------------------+-------+---------+---------+
       Total:                              194     0         0      
                                                                    
    .\Queue\
       queue.obj                           256     0         0      
    +--+-----------------------------------+-------+---------+---------+
       Total:                              256     0         0      
                                                                    
    .\RF\
       usb1352_rf.obj                      3774    0         5354   
       RFQueue.obj                         268     0         4      
       usb1352_amp.obj                     64      0         32     
    +--+-----------------------------------+-------+---------+---------+
       Total:                              4106    0         5390   
                                                                    
    .\SPI\
       usb1352_spi.obj                     794     0         2252   
       usb1352_intr_thread.obj             150     0         396    
    +--+-----------------------------------+-------+---------+---------+
       Total:                              944     0         2648   
                                                                    
    .\syscfg\
       ti_drivers_config.obj               30      181       300    
       ti_radio_config.obj                 0       0         212    
       ti_devices_config.obj               0       88        0      
    +--+-----------------------------------+-------+---------+---------+
       Total:                              30      269       512    
                                                                    
    C:\Users\iron\workspace_v9\tirtos_builds_CC1352P1_LAUNCHXL_release_ccs\Debug\configPkg\package\cfg\
       release_pem4f.oem4f                 838     1259      1830   
    +--+-----------------------------------+-------+---------+---------+
       Total:                              838     1259      1830   
                                                                    
    C:/ti/simplelink_cc13x2_26x2_sdk_3_40_00_02/kernel/tirtos/packages/ti/dpl/lib/dpl_cc13x2.aem4f
       PowerCC26X2_tirtos.oem4f            240     0         8      
       ClockP_tirtos.oem4f                 130     0         4      
       HwiP_tirtos.oem4f                   134     0         0      
       SemaphoreP_tirtos.oem4f             126     0         0      
       SwiP_tirtos.oem4f                   96      0         0      
    +--+-----------------------------------+-------+---------+---------+
       Total:                              726     0         12     
                                                                    
    C:/ti/simplelink_cc13x2_26x2_sdk_3_40_00_02/source/ti/devices/cc13x2_cc26x2/driverlib/bin/ccs/driverlib.lib
       osc.obj                             436     0         28     
       sys_ctrl.obj                        408     0         0      
       setup.obj                           324     0         0      
       chipinfo.obj                        226     0         0      
       aux_sysif.obj                       52      8         0      
       cpu.obj                             24      0         0      
       driverlib_release.obj               0       0         1      
    +--+-----------------------------------+-------+---------+---------+
       Total:                              1470    8         29     
                                                                    
    C:/ti/simplelink_cc13x2_26x2_sdk_3_40_00_02/source/ti/drivers/lib/drivers_cc13x2.aem4f
       SPICC26X2DMA.oem4f                  3414    72        128    
       PowerCC26X2.oem4f                   2218    84        272    
       PINCC26XX.oem4f                     1446    0         276    
       PowerCC26X2_calibrateRCOSC.oem4f    1400    0         0      
       GPIOCC26XX.oem4f                    712     64        61     
       List.oem4f                          210     0         0      
       SPI.oem4f                           162     32        1      
       UDMACC26XX.oem4f                    168     0         0      
    +--+-----------------------------------+-------+---------+---------+
       Total:                              9730    252       738    
                                                                    
    C:/ti/simplelink_cc13x2_26x2_sdk_3_40_00_02/source/ti/drivers/rf/lib/rf_multiMode_cc13x2.aem4f
       RFCC26X2_multiMode.c.cc13x2.ccs.o   8712    40        1157   
       rf_patch_cpe_prop.c.cc13x2.ccs.o    98      340       1      
       rfc.c.cc13x2.ccs.o                  302     0         0      
    +--+-----------------------------------+-------+---------+---------+
       Total:                              9112    380       1158   
                                                                    
    C:\Users\iron\workspace_v9\tirtos_builds_CC1352P1_LAUNCHXL_release_ccs\src\sysbios\rom_sysbios.aem4f
       rom_sysbios.obj                     1189    0         136    
    +--+-----------------------------------+-------+---------+---------+
       Total:                              1189    0         136    
                                                                    
    C:\ti\ccs930\ccs\tools\compiler\ti-cgt-arm_18.12.4.LTS\lib\rtsv7M4_T_le_v4SPD16_eabi.lib
       fd_add_t2.asm.obj                   438     0         0      
       fd_cmp_t2.asm.obj                   268     0         0      
       fd_mul_t2.asm.obj                   252     0         0      
       memcpy_t2.asm.obj                   156     0         0      
       ull_div_t2.asm.obj                  150     0         0      
       memset_t2.asm.obj                   122     0         0      
       ll_div_t2.asm.obj                   110     0         0      
       copy_decompress_lzss.c.obj          104     0         0      
       cpy_tbl.c.obj                       76      0         0      
       fd_toi_t2.asm.obj                   72      0         0      
       fd_tou_t2.asm.obj                   68      0         0      
       u_divt2.asm.obj                     64      0         0      
       fs_tod_t2.asm.obj                   56      0         0      
       i_tofd_t2.asm.obj                   46      0         0      
       _lock.c.obj                         26      0         8      
       args_main.c.obj                     24      0         0      
       ll_mul_t2.asm.obj                   24      0         0      
       copy_decompress_none.c.obj          14      0         0      
       copy_zero_init.c.obj                12      0         0      
       stkdepth_vars.c.obj                 0       0         4      
       div0.asm.obj                        2       0         0      
    +--+-----------------------------------+-------+---------+---------+
       Total:                              2084    0         12     
                                                                    
    C:\ti\simplelink_cc13x2_26x2_sdk_3_40_00_02\kernel\tirtos\packages\ti\targets\arm\rtsarm\lib\auto_init.aem4f
       auto_init.oem4f                     160     0         0      
    +--+-----------------------------------+-------+---------+---------+
       Total:                              160     0         0      
                                                                    
    C:\ti\simplelink_cc13x2_26x2_sdk_3_40_00_02\kernel\tirtos\packages\ti\targets\arm\rtsarm\lib\boot.aem4f
       boot.oem4f                          88      0         0      
    +--+-----------------------------------+-------+---------+---------+
       Total:                              88      0         0      
                                                                    
       Stack:                              0       0         1024   
       Linker Generated:                   464     815       0      
    +--+-----------------------------------+-------+---------+---------+
       Grand Total:                        31391   2983      13489  


LINKER GENERATED COPY TABLES

__TI_cinit_table @ 00008598 records: 13, size/record: 8, table size: 104
	.data: load addr=000082d0, load size=0000025b bytes, run addr=20001110, run size=0000069d bytes, compression=lzss
	.TI.bound:dmaSpi0RxAltControlTableEntry: load addr=00008538, load size=00000008 bytes, run addr=20001a30, run size=00000010 bytes, compression=zero_init
	.TI.bound:dmaSpi0RxControlTableEntry: load addr=00008540, load size=00000008 bytes, run addr=20001830, run size=00000010 bytes, compression=zero_init
	.TI.bound:dmaSpi0TxAltControlTableEntry: load addr=00008548, load size=00000008 bytes, run addr=20001a40, run size=00000010 bytes, compression=zero_init
	.TI.bound:dmaSpi0TxControlTableEntry: load addr=00008550, load size=00000008 bytes, run addr=20001840, run size=00000010 bytes, compression=zero_init
	.TI.bound:dmaSpi1RxAltControlTableEntry: load addr=00008558, load size=00000008 bytes, run addr=20001b00, run size=00000010 bytes, compression=zero_init
	.TI.bound:dmaSpi1RxControlTableEntry: load addr=00008560, load size=00000008 bytes, run addr=20001900, run size=00000010 bytes, compression=zero_init
	.TI.bound:dmaSpi1TxAltControlTableEntry: load addr=00008568, load size=00000008 bytes, run addr=20001b10, run size=00000010 bytes, compression=zero_init
	.TI.bound:dmaSpi1TxControlTableEntry: load addr=00008570, load size=00000008 bytes, run addr=20001910, run size=00000010 bytes, compression=zero_init
	.bss: load addr=00008578, load size=00000008 bytes, run addr=20001b20, run size=000028b0 bytes, compression=zero_init
	.data:xdcRomConstPtr: load addr=00008580, load size=00000008 bytes, run addr=20000100, run size=00000004 bytes, compression=lzss
	.data:xdcRomExternFuncPtr: load addr=00008588, load size=00000008 bytes, run addr=20000104, run size=00000004 bytes, compression=lzss
	.data:xdcRomStatePtr: load addr=00008590, load size=00000008 bytes, run addr=20000108, run size=00000004 bytes, compression=lzss


LINKER GENERATED HANDLER TABLE

__TI_handler_table @ 0000852c records: 3, size/record: 4, table size: 12
	index: 0, handler: __TI_decompress_lzss
	index: 1, handler: __TI_decompress_none
	index: 2, handler: __TI_zero_init


FAR CALL TRAMPOLINES

callee name               trampoline name
   callee addr  tramp addr   call addr  call info
--------------  -----------  ---------  ----------------
ti_sysbios_knl_Swi_destruct  $Tramp$TT$L$PI$$ti_sysbios_knl_Swi_destruct
   1002e8bd     0000791c     000078f4   dpl_cc13x2.aem4f : SwiP_tirtos.oem4f (.text:SwiP_destruct)
ti_sysbios_family_arm_m3_Hwi_enableInterrupt__E  $Tramp$TT$L$PI$$ti_sysbios_family_arm_m3_Hwi_enableInterrupt__E
   1002d91d     00007924     000078dc   dpl_cc13x2.aem4f : HwiP_tirtos.oem4f (.text:HwiP_enableInterrupt)
ti_sysbios_family_arm_m3_Hwi_disableInterrupt__E  $Tramp$TT$L$PI$$ti_sysbios_family_arm_m3_Hwi_disableInterrupt__E
   1002d8d9     0000792c     000078d8   dpl_cc13x2.aem4f : HwiP_tirtos.oem4f (.text:HwiP_disableInterrupt)
ti_sysbios_family_arm_m3_Hwi_destruct  $Tramp$TT$L$PI$$ti_sysbios_family_arm_m3_Hwi_destruct
   1002e475     00007934     000078d0   dpl_cc13x2.aem4f : HwiP_tirtos.oem4f (.text:HwiP_destruct)
ti_sysbios_BIOS_getCpuFreq__E  $Tramp$TT$L$PI$$ti_sysbios_BIOS_getCpuFreq__E
   1002e9fd     0000793c     000078b8   dpl_cc13x2.aem4f : ClockP_tirtos.oem4f (.text:ClockP_getCpuFreq)
ti_sysbios_knl_Clock_destruct  $Tramp$TT$L$PI$$ti_sysbios_knl_Clock_destruct
   1002e649     00007944     000078b4   dpl_cc13x2.aem4f : ClockP_tirtos.oem4f (.text:ClockP_destruct)
ti_sysbios_knl_Semaphore_delete  $Tramp$TT$L$PI$$ti_sysbios_knl_Semaphore_delete
   1002ecdb     0000794c     0000782a   dpl_cc13x2.aem4f : SemaphoreP_tirtos.oem4f (.text:SemaphoreP_delete)
ti_sysbios_knl_Clock_logTick__E  $Tramp$TT$L$PI$$ti_sysbios_knl_Clock_logTick__E
   1002dbd7     00007954     000076ea   release_pem4f.oem4f (.text:ti_sysbios_knl_Clock_doTick__I)
ti_sysbios_knl_Task_Params__init__S  $Tramp$TT$L$PI$$ti_sysbios_knl_Task_Params__init__S
   1002ec09     0000795c     000075ec   usb1352_intr_thread.obj (.text:ti_sysbios_knl_Task_Params_init)
                             00007602   usb1352_rf.obj (.text:ti_sysbios_knl_Task_Params_init)
                             00007618   usb1352_spi.obj (.text:ti_sysbios_knl_Task_Params_init)
ti_sysbios_knl_Swi_post__E  $Tramp$TT$L$PI$$ti_sysbios_knl_Swi_post__E
   1002d891     00007964     00007568   rom_sysbios.aem4f : rom_sysbios.obj (.text:ti_sysbios_knl_Swi_or__E)
                             000076f2   release_pem4f.oem4f (.text:ti_sysbios_knl_Clock_doTick__I)
                             00007904   dpl_cc13x2.aem4f : SwiP_tirtos.oem4f (.text:SwiP_post)
ti_sysbios_BIOS_RtsGateProxy_leave__E  $Tramp$TT$L$PI$$ti_sysbios_BIOS_RtsGateProxy_leave__E
   1002ec7b     0000796c     0000754a   release_pem4f.oem4f (.text:ti_sysbios_BIOS_rtsUnlock__I)
ti_sysbios_knl_Swi_construct  $Tramp$TT$L$PI$$ti_sysbios_knl_Swi_construct
   1002d719     00007974     00007446   rom_sysbios.aem4f : rom_sysbios.obj (.text:ti_sysbios_knl_Swi_construct2__E)
ti_sysbios_BIOS_RtsGateProxy_enter__E  $Tramp$TT$L$PI$$ti_sysbios_BIOS_RtsGateProxy_enter__E
   1002ec77     0000797c     00007292   release_pem4f.oem4f (.text:ti_sysbios_BIOS_rtsLock__I)
ti_sysbios_family_arm_m3_Hwi_disableFxn__E  $Tramp$TT$L$PI$$ti_sysbios_family_arm_m3_Hwi_disableFxn__E
   1002eb55     00007984     00007194   dpl_cc13x2.aem4f : HwiP_tirtos.oem4f (.text:HwiP_setFunc)
                             000078d4                    : HwiP_tirtos.oem4f (.text:HwiP_disable)
ti_sysbios_knl_Task_restore__E  $Tramp$TT$L$PI$$ti_sysbios_knl_Task_restore__E
   1002df45     0000798c     000070a4   rom_sysbios.aem4f : rom_sysbios.obj (.text:_pthread_cleanupFxn)
                             000073a6   dpl_cc13x2.aem4f : PowerCC26X2_tirtos.oem4f (.text:PowerCC26XX_schedulerRestore)
ti_sysbios_knl_Clock_getTicks__E  $Tramp$TT$L$PI$$ti_sysbios_knl_Clock_getTicks__E
   1002dc11     00007994     00006e5c   rom_sysbios.aem4f : rom_sysbios.obj (.text:ti_sysbios_knl_Clock_getTimeout__E)
ti_sysbios_knl_Clock_TimerProxy_getCurrentTick__E  $Tramp$TT$L$PI$$ti_sysbios_knl_Clock_TimerProxy_getCurrentTick__E
   1002eac5     0000799c     00006dae   rom_sysbios.aem4f : rom_sysbios.obj (.text:ti_sysbios_knl_Clock_getTicksUntilInterrupt__E)
xdc_runtime_Memory_free__E  $Tramp$TT$L$PI$$xdc_runtime_Memory_free__E
   1002f81d     000079a4     00006d64   rom_sysbios.aem4f : rom_sysbios.obj (.text:_pthread_delete$45)
ti_sysbios_knl_Task_delete  $Tramp$TT$L$PI$$ti_sysbios_knl_Task_delete
   1002ece7     000079ac     00006d58   rom_sysbios.aem4f : rom_sysbios.obj (.text:_pthread_delete$45)
ti_sysbios_knl_Semaphore_destruct  $Tramp$TT$L$PI$$ti_sysbios_knl_Semaphore_destruct
   1002e6fd     000079b4     00006d4c   rom_sysbios.aem4f : rom_sysbios.obj (.text:_pthread_delete$45)
                             000078ec   dpl_cc13x2.aem4f : SemaphoreP_tirtos.oem4f (.text:SemaphoreP_destruct)
ti_sysbios_knl_Semaphore_construct  $Tramp$TT$L$PI$$ti_sysbios_knl_Semaphore_construct
   1002ddc1     000079bc     00006d0e   dpl_cc13x2.aem4f : SemaphoreP_tirtos.oem4f (.text:SemaphoreP_constructBinary)
ti_sysbios_knl_Semaphore_Params__init__S  $Tramp$TT$L$PI$$ti_sysbios_knl_Semaphore_Params__init__S
   1002ebe5     000079c4     00006cfe   dpl_cc13x2.aem4f : SemaphoreP_tirtos.oem4f (.text:SemaphoreP_constructBinary)
                             00006d28                    : SemaphoreP_tirtos.oem4f (.text:SemaphoreP_createBinary)
                             000075d6   usb1352.obj (.text:ti_sysbios_knl_Semaphore_Params_init)
xdc_runtime_Memory_alloc__E  $Tramp$TT$L$PI$$xdc_runtime_Memory_alloc__E
   1002f289     000079cc     00006caa   release_pem4f.oem4f (.text:ti_sysbios_rts_MemAlloc_alloc)
ti_sysbios_knl_Task_startup__E  $Tramp$TT$L$PI$$ti_sysbios_knl_Task_startup__E
   1002eceb     000079d4     00006bc8   release_pem4f.oem4f (.text:ti_sysbios_BIOS_startFunc__I)
ti_sysbios_knl_Swi_startup__E  $Tramp$TT$L$PI$$ti_sysbios_knl_Swi_startup__E
   1002ec6b     000079dc     00006bc4   release_pem4f.oem4f (.text:ti_sysbios_BIOS_startFunc__I)
ti_sysbios_hal_Hwi_startup__E  $Tramp$TT$L$PI$$ti_sysbios_hal_Hwi_startup__E
   1002ec31     000079e4     00006bc0   release_pem4f.oem4f (.text:ti_sysbios_BIOS_startFunc__I)
ti_sysbios_family_arm_cc26xx_Timer_startup__E  $Tramp$TT$L$PI$$ti_sysbios_family_arm_cc26xx_Timer_startup__E
   1002dcf1     000079ec     00006bbc   release_pem4f.oem4f (.text:ti_sysbios_BIOS_startFunc__I)
xdc_runtime_System_atexit__E  $Tramp$TT$L$PI$$xdc_runtime_System_atexit__E
   1002f559     000079f4     00006bb4   release_pem4f.oem4f (.text:ti_sysbios_BIOS_startFunc__I)
ti_sysbios_BIOS_linkedWithIncorrectBootLibrary__E  $Tramp$TT$L$PI$$ti_sysbios_BIOS_linkedWithIncorrectBootLibrary__E
[...]
1002eb49  ti_sysbios_family_arm_m3_Hwi_Params__init__S                       
1002eb49  ti_sysbios_hal_Hwi_HwiProxy_Params__init__S                        
1002eb55  ti_sysbios_family_arm_m3_Hwi_disableFxn__E                         
1002eb61  ti_sysbios_family_arm_m3_Hwi_enableFxn__E                          
1002eb6d  ti_sysbios_gates_GateHwi_enter__E                                  
1002eb79  ti_sysbios_BIOS_RtsGateProxy_Params__init__S                       
1002eb79  ti_sysbios_gates_GateMutex_Params__init__S                         
1002eb79  ti_sysbios_heaps_HeapMem_Module_GateProxy_Params__init__S          
1002eb85  ti_sysbios_heaps_HeapTrack_Params__init__S                         
1002eb91  ti_sysbios_heaps_HeapTrack_isBlocking__E                           
1002eb9d  ti_sysbios_knl_Clock_Params__init__S                               
1002eba9  ti_sysbios_knl_Clock_getTimerHandle__E                             
1002ebb5  ti_sysbios_knl_Event_Params__init__S                               
1002ebc1  ti_sysbios_knl_Mailbox_Params__init__S                             
1002ebcd  ti_sysbios_knl_Queue_dequeue__E                                    
1002ebd9  ti_sysbios_knl_Queue_enqueue__E                                    
1002ebe5  ti_sysbios_knl_Semaphore_Params__init__S                           
1002ebf1  ti_sysbios_knl_Swi_Params__init__S                                 
1002ebfd  ti_sysbios_knl_Swi_self__E                                         
1002ec09  ti_sysbios_knl_Task_Params__init__S                                
1002ec15  ti_sysbios_hal_Hwi_Instance_finalize__E                            
1002ec1f  ti_sysbios_knl_Event_Instance_init__E                              
1002ec29  ti_sysbios_family_arm_m3_Hwi_doSwiRestore__I                       
1002ec31  ti_sysbios_family_arm_m3_Hwi_startup__E                            
1002ec31  ti_sysbios_hal_Hwi_HwiProxy_startup__E                             
1002ec31  ti_sysbios_hal_Hwi_HwiProxy_startup__E                             
1002ec31  ti_sysbios_hal_Hwi_startup__E                                      
1002ec31  ti_sysbios_hal_Hwi_startup__E                                      
1002ec39  ti_sysbios_knl_Idle_loop__E                                        
1002ec41  ti_sysbios_family_arm_m3_Hwi_doTaskRestore__I                      
1002ec47  HwiP_restore                                                       
1002ec47  ti_sysbios_family_arm_m3_Hwi_restoreFxn__E                         
1002ec4d  ti_sysbios_gates_GateHwi_leave__E                                  
1002ec53  ti_sysbios_gates_GateMutex_Instance_finalize__E                    
1002ec59  ti_sysbios_heaps_HeapMem_isBlocking__E                             
1002ec5f  ti_sysbios_knl_Queue_Instance_init__E                              
1002ec65  ti_sysbios_knl_Queue_elemClear__E                                  
1002ec6b  ti_sysbios_knl_Swi_startup__E                                      
1002ec71  ti_sysbios_knl_Task_enable__E                                      
1002ec77  ti_sysbios_BIOS_RtsGateProxy_enter__E                              
1002ec7b  ti_sysbios_BIOS_RtsGateProxy_leave__E                              
1002ec7f  ti_sysbios_family_arm_cc26xx_Timer_getExpiredTicks__E              
1002ec83  ti_sysbios_family_arm_cc26xx_Timer_getPeriod__E                    
1002ec87  ti_sysbios_family_arm_cc26xx_Timer_setPeriod__E                    
1002ec8b  ti_sysbios_family_arm_m3_Hwi_delete                                
1002ec8f  ti_sysbios_family_arm_m3_TaskSupport_Module__startupDone__S        
1002ec8f  ti_sysbios_knl_Task_SupportProxy_Module__startupDone__S            
1002ec93  ti_sysbios_gates_GateHwi_query__E                                  
1002ec93  xdc_runtime_Main_Module_GateProxy_query__E                         
1002ec93  xdc_runtime_System_Module_GateProxy_query__E                       
1002ec93  xdc_runtime_System_Module_GateProxy_query__E                       
1002ec97  ti_sysbios_gates_GateMutex_delete                                  
1002ec9b  ti_sysbios_BIOS_RtsGateProxy_query__E                              
1002ec9b  ti_sysbios_BIOS_RtsGateProxy_query__E                              
1002ec9b  ti_sysbios_gates_GateMutex_query__E                                
1002ec9b  ti_sysbios_heaps_HeapMem_Module_GateProxy_query__E                 
1002ec9b  ti_sysbios_heaps_HeapMem_Module_GateProxy_query__E                 
1002ec9f  ti_sysbios_hal_Hwi_HwiProxy_create                                 
1002eca3  ti_sysbios_hal_Hwi_HwiProxy_delete                                 
1002eca7  ti_sysbios_hal_Hwi_delete                                          
1002ecab  ti_sysbios_heaps_HeapMem_Module_GateProxy_enter__E                 
1002ecaf  ti_sysbios_heaps_HeapMem_Module_GateProxy_leave__E                 
1002ecb3  ti_sysbios_knl_Clock_TimerProxy_getExpiredTicks__E                 
1002ecb7  ti_sysbios_knl_Clock_TimerProxy_getPeriod__E                       
1002ecbb  ti_sysbios_knl_Clock_delete                                        
1002ecbf  ti_sysbios_knl_Clock_removeI__E                                    
1002ecc3  ti_sysbios_knl_Clock_setTimeout__E                                 
1002ecc7  ti_sysbios_knl_Event_delete                                        
1002eccb  ti_sysbios_knl_Mailbox_delete                                      
1002eccf  ti_sysbios_knl_Queue_delete                                        
1002ecd3  ti_sysbios_knl_Queue_head__E                                       
1002ecd7  ti_sysbios_knl_Queue_next__E                                       
1002ecdb  ti_sysbios_knl_Semaphore_delete                                    
1002ecdf  ti_sysbios_knl_Swi_delete                                          
1002ece3  ti_sysbios_knl_Swi_postInit__I                                     
1002ece7  ti_sysbios_knl_Task_delete                                         
1002eceb  ti_sysbios_knl_Task_startup__E                                     
1002ecf1  xdc_runtime_System_doPrint__I                                      
1002f055  xdc_runtime_Startup_startMods__I                                   
1002f15d  xdc_runtime_Text_putSite__E                                        
1002f1f7  xdc_runtime_Error_policySpin__E                                    
1002f1f9  xdc_runtime_Text_putMod__E                                         
1002f289  xdc_runtime_Memory_alloc__E                                        
1002f2f9  xdc_runtime_Core_createObject__I                                   
1002f367  xdc_runtime_Core_deleteObject__I                                   
1002f3c5  xdc_runtime_Text_putLab__E                                         
1002f421  xdc_runtime_Assert_raise__I                                        
1002f475  xdc_runtime_Startup_exec__E                                        
1002f4c9  xdc_runtime_Core_assignParams__I                                   
1002f511  xdc_runtime_Core_constructObject__I                                
1002f559  xdc_runtime_System_atexit__E                                       
1002f5a1  xdc_runtime_Text_xprintf__I                                        
1002f5e5  xdc_runtime_System_processAtExit__E                                
1002f625  xdc_runtime_System_putchar__I                                      
1002f659  xdc_runtime_Core_assignLabel__I                                    
1002f689  xdc_runtime_Text_printVisFxn__I                                    
1002f6b9  xdc_runtime_System_vprintf__E                                      
1002f6e5  xdc_runtime_Text_cordText__E                                       
1002f711  xdc_runtime_System_abort__E                                        
1002f739  xdc_runtime_Error_raiseX__E                                        
1002f759  xdc_runtime_Registry_findById__E                                   
1002f779  xdc_runtime_Error_check__E                                         
1002f795  xdc_runtime_Memory_valloc__E                                       
1002f7b1  xdc_runtime_System_exit__E                                         
1002f7cd  xdc_runtime_Text_ropeText__E                                       
1002f7e9  xdc_runtime_System_printf__E                                       
1002f803  xdc_runtime_Core_destructObject__I                                 
1002f81b  xdc_runtime_System_abortSpin__E                                    
1002f81d  xdc_runtime_Memory_free__E                                         
1002f831  xdc_runtime_Memory_getStats__E                                     
1002f845  xdc_runtime_SysCallback_abort__E                                   
1002f845  xdc_runtime_System_SupportProxy_abort__E                           
1002f859  xdc_runtime_SysCallback_exit__E                                    
1002f859  xdc_runtime_System_SupportProxy_exit__E                            
1002f86d  xdc_runtime_SysCallback_flush__E                                   
1002f86d  xdc_runtime_System_SupportProxy_flush__E                           
1002f86d  xdc_runtime_System_flush__E                                        
1002f881  xdc_runtime_SysCallback_putch__E                                   
1002f881  xdc_runtime_System_SupportProxy_putch__E                           
1002f895  xdc_runtime_SysCallback_ready__E                                   
1002f895  xdc_runtime_System_SupportProxy_ready__E                           
1002f8a9  xdc_runtime_Memory_getMaxDefaultTypeAlign__E                       
1002f8b9  xdc_runtime_System_vsnprintf__E                                    
1002f8c9  xdc_runtime_Timestamp_SupportProxy_get32__E                        
1002f8c9  xdc_runtime_Timestamp_SupportProxy_get32__E                        
1002f8c9  xdc_runtime_Timestamp_get32__E                                     
1002f8c9  xdc_runtime_Timestamp_get32__E                                     
1002f8d9  xdc_runtime_Memory_calloc__E                                       
1002f8e5  xdc_runtime_Startup_rtsDone__E                                     
1002f8f1  xdc_runtime_Memory_HeapProxy_alloc__E                              
1002f8fb  xdc_runtime_Memory_HeapProxy_free__E                               
1002f905  xdc_runtime_Memory_HeapProxy_getStats__E                           
1002f90f  xdc_runtime_Gate_leaveSystem__E                                    
1002f915  xdc_runtime_System_Module_startup__E                               
1002f91b  xdc_runtime_Gate_enterSystem__E                                    
1002f91f  xdc_runtime_SysCallback_Module__startupDone__S                     
1002f91f  xdc_runtime_System_SupportProxy_Module__startupDone__S             
1002f923  xdc_runtime_System_Module_GateProxy_enter__E                       
1002f927  xdc_runtime_System_Module_GateProxy_leave__E                       
1002f92b  xdc_runtime_System_printf_va__F                                    
1002f92f  xdc_runtime_System_exitSpin__E                                     
1002f931  ti_sysbios_family_arm_m3_Hwi_dispatch__I                           
1002fa11  ti_sysbios_family_arm_m3_Hwi_interruptsAreDisabledButShouldNotBe   
1002fa2d  ti_sysbios_family_arm_m3_TaskSupport_buildTaskStack                
1002fab9  ti_sysbios_family_arm_m3_Hwi_initStacks__E                         
1002fb11  ti_sysbios_family_arm_m3_Hwi_pendSV__I                             
1002fb35  ti_sysbios_family_arm_m3_Hwi_return                                
1002fb39  ti_sysbios_family_arm_m3_Hwi_excHandlerAsm__I                      
1002fb59  ti_sysbios_family_xxx_Hwi_switchAndRunFunc                         
1002fb77  ti_sysbios_family_arm_m3_TaskSupport_swap__E                       
1002fb77  ti_sysbios_knl_Task_SupportProxy_swap__E                           
1002fb77  ti_sysbios_knl_Task_SupportProxy_swap__E                           
1002fb83  ti_sysbios_knl_Task_swapReturn                                     
1002fb8f  ti_sysbios_family_arm_m3_TaskSupport_glue                          
1002fba0  ti_sysbios_knl_Task_Object__PARAMS__C                              
1002fbdc  ti_sysbios_knl_Mailbox_Object__PARAMS__C                           
1002fc10  ti_sysbios_family_arm_m3_Hwi_Object__PARAMS__C                     
1002fc40  ti_sysbios_hal_Hwi_Object__PARAMS__C                               
1002fc6c  ti_sysbios_knl_Swi_Object__PARAMS__C                               
1002fc94  ti_sysbios_heaps_HeapMem_Object__PARAMS__C                         
1002fcb8  ti_sysbios_knl_Clock_Object__PARAMS__C                             
1002fcdc  ti_sysbios_knl_Semaphore_Object__PARAMS__C                         
1002fd00  ti_sysbios_gates_GateHwi_Object__PARAMS__C                         
1002fd18  ti_sysbios_gates_GateMutex_Object__PARAMS__C                       
1002fd30  ti_sysbios_knl_Event_Object__PARAMS__C                             
1002fd48  ti_sysbios_knl_Queue_Object__PARAMS__C                             
1002fd80  ti_sysbios_heaps_HeapTrack_Object__PARAMS__C                       
1002fd9c  ti_sysbios_heaps_HeapTrack_Instance_State_trackQueue__O            
1002fda0  ti_sysbios_heaps_HeapTrack_Module__diagsEnabled__C                 
1002fda4  ti_sysbios_heaps_HeapTrack_Module__diagsIncluded__C                
1002fda8  ti_sysbios_heaps_HeapTrack_Module__diagsMask__C                    
1002fddb  strlen                                                             
20000000  ti_sysbios_family_arm_m3_Hwi_ramVectors                            
20000100  xdcRomConstPtr                                                     
20000104  xdcRomExternFuncPtr                                                
20000108  xdcRomStatePtr                                                     
20000110  __primary_heap_start__                                             
20001110  PowerCC26X2_module                                                 
20001110  __primary_heap_end__                                               
20001220  ROM_stateStruct                                                    
20001220  ti_sysbios_knl_Clock_Module__state__V                              
2000124c  ti_sysbios_family_arm_cc26xx_TimestampProvider_Module__state__V    
20001250  xdc_runtime_Startup_Module__state__V                               
20001258  xdc_runtime_Registry_Module__state__V                              
20001260  ti_sysbios_BIOS_Module__state__V                                   
20001284  ti_sysbios_knl_Swi_Module__state__V                                
200012a0  ti_sysbios_knl_Task_Module__state__V                               
200012e4  xdc_runtime_Memory_Module__state__V                                
200012e8  xdc_runtime_System_Module__state__V                                
200012f0  ti_sysbios_family_arm_m3_Hwi_Module__state__V                      
20001324  ti_sysbios_family_arm_cc26xx_Timer_Module__state__V                
200013b4  usb1352_rf_data_rate_table                                         
20001414  ti_sysbios_gates_GateMutex_Object__table__V                        
20001468  ti_sysbios_knl_Task_Object__table__V                               
200014b8  ti_sysbios_family_arm_cc26xx_Timer_Object__table__V                
20001500  RF_cmdPropRadioDivSetup                                            
20001530  ti_sysbios_knl_Swi_Module_State_0_readyQ__A                        
20001560  ti_sysbios_knl_Swi_Object__table__V                                
20001590  ti_sysbios_knl_Task_Module_State_0_readyQ__A                       
200015c0  RF_cmdPropRx                                                       
200015e4  ti_sysbios_knl_Clock_Object__table__V                              
20001604  xdc_runtime_Error_IgnoreBlock                                      
20001624  gpioCallbackFunctions                                              
20001640  gpioPinConfigs                                                     
2000165c  RF_cmdFs                                                           
20001674  RF_cmdPropTx                                                       
2000168c  pOverrides                                                         
200016a4  ti_sysbios_family_arm_m3_Hwi_Object__table__V                      
200016bc  ti_sysbios_heaps_HeapMem_Object__table__V                          
200016d4  pOverridesTx20                                                     
200016e8  pOverridesTxStd                                                    
200016fc  RF_prop                                                            
2000170c  amp_pin_config                                                     
2000171c  _lock                                                              
20001720  _unlock                                                            
20001724  pinUpperBound                                                      
20001728  pinLowerBound                                                      
2000172c  ti_sysbios_family_arm_m3_Hwi_Module__root__V                       
20001734  ti_sysbios_gates_GateHwi_Module__root__V                           
2000173c  ti_sysbios_gates_GateMutex_Module__root__V                         
20001744  ti_sysbios_hal_Hwi_Module__root__V                                 
2000174c  ti_sysbios_heaps_HeapMem_Module__root__V                           
20001754  ti_sysbios_knl_Clock_Module__root__V                               
2000175c  ti_sysbios_knl_Event_Module__root__V                               
20001764  ti_sysbios_knl_Mailbox_Module__root__V                             
2000176c  ti_sysbios_knl_Queue_Module__root__V                               
20001774  ti_sysbios_knl_Semaphore_Module__root__V                           
2000177c  ti_sysbios_knl_Swi_Module__root__V                                 
20001784  ti_sysbios_knl_Task_Module__root__V                                
2000178c  xdc_runtime_System_Module_State_0_atexitHandlers__A                
2000179a  ti_sysbios_family_arm_m3_Hwi_Module_State_0_excActive__A           
2000179c  main_func_sp                                                       
200017a0  ti_sysbios_family_arm_m3_Hwi_Module_State_0_excContext__A          
200017a4  ti_sysbios_family_arm_m3_Hwi_Module_State_0_excStack__A            
200017a8  ti_sysbios_knl_Task_Module_State_0_idleTask__A                     
200039a8  ti_sysbios_knl_Task_Instance_State_0_stack__A                      
20003dab  driverlib_release_0_55938                                          
20003dac  ti_sysbios_family_arm_m3_Hwi_dispatchTable                         
20003e84  spiCC26X2DMAObjects                                                
20004000  pinHandleTable                                                     
200042d4  udmaCC26XXObject                                                   
200043c0  ClockP_tickPeriod                                                  
200043c4  PowerCC26XX_swiKey                                                 
200043c8  PowerCC26XX_taskKey                                                
200043cc  readEntry                                                          
20013c00  __stack                                                            
20014000  __STACK_END                                                        
e000e000  ti_sysbios_family_arm_m3_Hwi_nvic                                  
ffffffff  __TI_pprof_out_hndl                                                
ffffffff  __TI_prof_data_size                                                
ffffffff  __TI_prof_data_start                                               
ffffffff  __binit__                                                          
ffffffff  __c_args__                                                         
ffffffff  binit                                                              
UNDEFED   SHT$$INIT_ARRAY$$Base                                              
UNDEFED   SHT$$INIT_ARRAY$$Limit                                             

[902 symbols]
